RLST7 LINKER/LOCATOR V2.28.10.092

INVOKED BY:
C:\Program Files (x86)\Raisonance\Ride\bin\rlstm8.exe -P 
DEBUG\RTC.O,DEBUG\ITOA.O,DEBUG\COMMANDS.O,DEBUG\DAC.O,DEBUG\ECMA0896.O,DEBUG\EEPROM.O,DEBUG\GPIO.O,DEBUG\MAIN.O,DEBUG\TIMERS.O,DEBUG\UART.O 
TO(DEBUG\DAC.AOF) LIBPATH(C:\PROGRAM FILES (X86)\RAISONANCE\RIDE\LIB\ST7) 
DEBUGLINES DEBUGPUBLICS DEBUGSYMBOLS PR(DEBUG\DAC.MAP) DATASTART(0X0) 
RAMSIZE(0X800) CODESTART(0X8000) CODESIZE(0X8000) STACKTOP(0X800) 
STACKSIZE(0X201) EEPROMSTART(0X1000) EEPROMSIZE(0X400) 
 WITHOUT ANY FLOATING POINT ARITHMETIC


INPUT MODULES INCLUDED
  DEBUG\RTC.O(RTC)
  DEBUG\ITOA.O(ITOA)
  DEBUG\COMMANDS.O(COMMANDS)
  DEBUG\DAC.O(DAC)
  DEBUG\ECMA0896.O(ECMA0896)
  DEBUG\EEPROM.O(EEPROM)
  DEBUG\GPIO.O(GPIO)
  DEBUG\MAIN.O(MAIN)
  DEBUG\TIMERS.O(TIMERS)
  DEBUG\UART.O(UART)
  C:\PROGRAM FILES (X86)\RAISONANCE\RIDE\LIB\ST7\RCSTM8.LIB(CHARTOL)
  C:\PROGRAM FILES (X86)\RAISONANCE\RIDE\LIB\ST7\RCSTM8.LIB(ACCIX328)
  C:\PROGRAM FILES (X86)\RAISONANCE\RIDE\LIB\ST7\RCSTM8.LIB(ADD3232)
  C:\PROGRAM FILES (X86)\RAISONANCE\RIDE\LIB\ST7\RCSTM8.LIB(DIVS1616)
  C:\PROGRAM FILES (X86)\RAISONANCE\RIDE\LIB\ST7\RCSTM8.LIB(DIVU3232)
  C:\PROGRAM FILES (X86)\RAISONANCE\RIDE\LIB\ST7\RCSTM8.LIB(MULUIX32)
  C:\PROGRAM FILES (X86)\RAISONANCE\RIDE\LIB\ST7\RCSTM8.LIB(IX32)
  C:\PROGRAM FILES (X86)\RAISONANCE\RIDE\LIB\ST7\RCSTM8.LIB(MULU3232)
  C:\PROGRAM FILES (X86)\RAISONANCE\RIDE\LIB\ST7\RCSTM8.LIB(MV4_BC2ISA)
  C:\PROGRAM FILES (X86)\RAISONANCE\RIDE\LIB\ST7\RCSTM8.LIB(MV4_BC2IX)
  C:\PROGRAM FILES (X86)\RAISONANCE\RIDE\LIB\ST7\RCSTM8.LIB(MV4_BC2SK)
  C:\PROGRAM FILES (X86)\RAISONANCE\RIDE\LIB\ST7\RCSTM8.LIB(MV4_ISA2BC)
  C:\PROGRAM FILES (X86)\RAISONANCE\RIDE\LIB\ST7\RCSTM8.LIB(MV4_IX2BC)
  C:\PROGRAM FILES (X86)\RAISONANCE\RIDE\LIB\ST7\RCSTM8.LIB(MV4_IX2SK)
  C:\PROGRAM FILES (X86)\RAISONANCE\RIDE\LIB\ST7\RCSTM8.LIB(MV4_NULL2BC)
  C:\PROGRAM FILES (X86)\RAISONANCE\RIDE\LIB\ST7\RCSTM8.LIB(MV4_PG2BC)
  C:\PROGRAM FILES (X86)\RAISONANCE\RIDE\LIB\ST7\RCSTM8.LIB(MV4_PG2IX1)
  C:\PROGRAM FILES (X86)\RAISONANCE\RIDE\LIB\ST7\RCSTM8.LIB(MV4_PG2SK1)
  C:\PROGRAM FILES (X86)\RAISONANCE\RIDE\LIB\ST7\RCSTM8.LIB(SLL168)
  C:\PROGRAM FILES (X86)\RAISONANCE\RIDE\LIB\ST7\RCSTM8.LIB(SLL328)
  C:\PROGRAM FILES (X86)\RAISONANCE\RIDE\LIB\ST7\RCSTM8.LIB(SRL328)
  C:\PROGRAM FILES (X86)\RAISONANCE\RIDE\LIB\ST7\RCSTM8.LIB(SWAPSKBC)
  C:\PROGRAM FILES (X86)\RAISONANCE\RIDE\LIB\ST7\RCSTM8.LIB(CPU3232IX)
  C:\PROGRAM FILES (X86)\RAISONANCE\RIDE\LIB\ST7\RCSTM8.LIB(REGISTERS)
  C:\PROGRAM FILES (X86)\RAISONANCE\RIDE\LIB\ST7\RCSTM8.LIB(STARTUP_V_Z)
  C:\PROGRAM FILES (X86)\RAISONANCE\RIDE\LIB\ST7\RCSTM8.LIB(STRCAT)
  C:\PROGRAM FILES (X86)\RAISONANCE\RIDE\LIB\ST7\RCSTM8.LIB(STRCPY)
  C:\PROGRAM FILES (X86)\RAISONANCE\RIDE\LIB\ST7\RCSTM8.LIB(STRLEN)
  C:\PROGRAM FILES (X86)\RAISONANCE\RIDE\LIB\ST7\RCSTM8.LIB(?STATINIT)

UNCALLED SEGMENTS (use option rmun to remove them):
---------------------------------------------------
    ?PR??BLINK?GPIO: Function ?BLINK in file DEBUG\GPIO.O was not called
    ?PR??DE_SET?GPIO: Function ?DE_SET in file DEBUG\GPIO.O was not called
    ?PR??PUTSTR?UART: Function ?PUTSTR in file DEBUG\UART.O was not called
    ?PR??RTC_READDATETIME?RTC: Function ?RTC_READDATETIME in file DEBUG\RTC.O was not called
    ?PR??RTC_SETDATETIME?RTC: Function ?RTC_SETDATETIME in file DEBUG\RTC.O was not called
    ?PR??RTC_UNLOCK?RTC: Function ?RTC_UNLOCK in file DEBUG\RTC.O was not called
    ?PR??SENDERRRESPONSE?COMMANDS: Function ?SENDERRRESPONSE in file DEBUG\COMMANDS.O was not called
    ?PR??SENDPULSE?TIMERS: Function ?SENDPULSE in file DEBUG\TIMERS.O was not called
    ?PR??UPDATELCD?ECMA0896: Function ?UPDATELCD in file DEBUG\ECMA0896.O was not called
    ?PR??UPDATETIM2?TIMERS: Function ?UPDATETIM2 in file DEBUG\TIMERS.O was not called
    ?PR??UPDATETIM3?TIMERS: Function ?UPDATETIM3 in file DEBUG\TIMERS.O was not called
    CSTDLIB_SLL168



LINK MAP OF MODULE: DEBUG\DAC.AOF (RTC)

	TYPE     BASE         LENGTH     RELOCATION      SEGMENT NAME
	----     ----         ------     ----------      ------------

	* * * * * * * *   E E P R O M   M E M O R Y   * * * * * * * *
	         000000H      001000H                     *** GAP ***
	EEPROM   001000H      00000CH    INSECTION       ?EE?EEPROM

	* * * * * * * *   D A T A       M E M O R Y   * * * * * * * *
	BIT      000000H.0    000000H.2  INSECTION       ?BT?TIMERS
	         000000H.2    000000H.6                   *** GAP ***
	BIT      000001H.0    000000H.3  INSECTION       ?EBT?COMMANDS
	         000001H.3    000000H.5                   *** GAP ***
	BIT      000002H.0    000000H.1  INSECTION       ?EBT?RTC
	         000002H.1    000000H.7                   *** GAP ***
	BIT      000003H.0    000000H.1  INSECTION       ?EBT?MAIN
	         000003H.1    000000H.7                   *** GAP ***
	BIT      000004H.0    000000H.1  INSECTION       ?EBT?TIMERS
	         000004H.1    000000H.7                   *** GAP ***
	BIT      000005H.0    000000H.1  INSECTION       ?EBT?UART
	         000005H.1    000000H.7                   *** GAP ***
	DATA     000006H      000020H    PAGE0           ?ED0?EEPROM
	DATA     000026H      000010H    PAGE0           ?ED0?ECMA0896
	DATA     000036H      00000CH    PAGE0           ?ED0?MAIN
	DATA     000042H      000005H    PAGE0           ?ED0?UART
	DATA     000047H      000004H    PAGE0           ?ED0?COMMANDS
	DATA     00004BH      000002H    PAGE0           ?ED0?TIMERS
	DATA     00004DH      000004H    PAGE0           CSTDLIB_REGISTERS
	DATA     000051H      000001H    PAGE0           ?D0?COMMANDS
	DATA     000052H      00000CH    PAGE0           ?ZD0?MAIN
	DATA     00005EH      000103H    INSECTION0      ?EDT?UART
	         000161H      00049EH                     *** GAP ***
	DATA     0005FFH      000201H    UNIT            ?C_STACK?SEG

	* * * * * * * *   C O D E       M E M O R Y   * * * * * * * *
	CODE     008000H      000004H    AT              ?CO?STARTUP_V_Z00
	CODE     008004H      000012H    INSECTION0      CSTDLIB_CHARTOL
	CODE     008016H      000001H    INSECTION       ?PR??RTC_READDATETIME?RTC
	         008017H      000001H                     *** GAP ***
	CODE     008018H      000004H    AT              ?IT?VECTOR#4
	CODE     00801CH      000033H    INSECTION0      CSTART
	CODE     00804FH      000001H    INSECTION       ?PR??UPDATELCD?ECMA0896
	CODE     008050H      000001H    INSECTION       ?PR??UPDATETIM2?TIMERS
	CODE     008051H      000001H    INSECTION       ?PR??UPDATETIM3?TIMERS
	CODE     008052H      000001H    INSECTION       ?PR??SENDPULSE?TIMERS
	         008053H      000001H                     *** GAP ***
	CODE     008054H      000004H    AT              ?IT?VECTOR#19
	         008058H      000004H                     *** GAP ***
	CODE     00805CH      000004H    AT              ?IT?VECTOR#21
	CODE     008060H      000012H    INSECTION0      CSTDLIB_IX32
	         008072H      000002H                     *** GAP ***
	CODE     008074H      000004H    AT              ?IT?VECTOR#27
	CODE     008078H      000004H    AT              ?IT?VECTOR#28
	CODE     00807CH      00008DH    INSECTION0      CSTDLIB_MULU3232
	         008109H      000001H                     *** GAP ***
	CODE     00810AH      000047H    INSECTION0      CSTDLIB_DIVU32
	CODE     008151H      00002DH    INSECTION0      ?STR?ECMA0896
	CODE     00817EH      00001FH    INSECTION0      CSTDLIB_SWAPBCSK
	CODE     00819DH      00001BH    INSECTION0      CSTDLIB_STRCPY
	CODE     0081B8H      00001AH    INSECTION0      CSTDLIB_SLL328
	CODE     0081D2H      00001AH    INSECTION0      CSTDLIB_SRL328
	CODE     0081ECH      000019H    INSECTION0      CSTDLIB_DIVS1616
	CODE     008205H      000018H    INSECTION0      ?PR?COMMANDS
	CODE     00821DH      000018H    INSECTION0      CSTDLIB_ACCIX328
	CODE     008235H      000017H    INSECTION0      CSTDLIB_MV4BC2ISA
	CODE     00824CH      000017H    INSECTION0      CSTDLIB_MV4ISA2BC
	CODE     008263H      000015H    INSECTION0      CSTDLIB_ADD3232
	CODE     008278H      000015H    INSECTION0      CSTDLIB_MV4IX2SK
	CODE     00828DH      000015H    INSECTION0      CSTDLIB_STRCAT
	CODE     0082A2H      000012H    INSECTION0      CSTDLIB_PG2BC
	CODE     0082B4H      000011H    INSECTION0      CSTDLIB_MV4BC2SK
	         0082C5H      000003H                     *** GAP ***
	CODE     0082C8H      000011H    INSECTION0      CSTDLIB_SLL168
	CODE     0082D9H      000010H    INSECTION0      CSTDLIB_PG2IX1
	         0082E9H      000001H                     *** GAP ***
	CODE     0082EAH      00000EH    INSECTION0      CSTDLIB_STRLEN
	CODE     0082F8H      00000DH    INSECTION0      CSTDLIB_MV4BC2IX
	CODE     008305H      00000DH    INSECTION0      CSTDLIB_MV4IX2BC
	CODE     008312H      00000CH    INSECTION0      CSTDLIB_CPU3232IX
	CODE     00831EH      000009H    INSECTION0      CSTDLIB_NULL2BC
	CODE     008327H      000009H    INSECTION0      CSTDLIB_PG2SK1
	CODE     008330H      00022CH    INSECTION       ?PR??HANDLECOMMAND?COMMANDS
	CODE     00855CH      0000DBH    INSECTION       ?PR??RTC_INIT?RTC
	CODE     008637H      0000C9H    INSECTION       ?PR?MAIN?MAIN
	CODE     008700H      0000AFH    INSECTION       ?PR??READPARAMETERS?EEPROM
	CODE     0087AFH      00007AH    INSECTION       ?PR??UPDATEDAC?DAC
	CODE     008829H      000077H    INSECTION       ?PR??SETWKUP?MAIN
	CODE     0088A0H      000069H    INSECTION       ?PR??EE_PGM?EEPROM
	CODE     008909H      000067H    INSECTION       ?PR??COMP_CRC?COMMANDS
	CODE     008970H      000064H    INSECTION       ?PR??LCDPRINTSTR?ECMA0896
	CODE     0089D4H      000060H    INSECTION       ?PR??ITOA?ITOA
	CODE     008A34H      00005DH    INSECTION       ?PR??REC_COMMAND?UART
	CODE     008A91H      00005BH    INSECTION       ?PR??WRITEBYTE?ECMA0896
	CODE     008AECH      000050H    INSECTION       ?PR??DWTOA?ITOA
	CODE     008B3CH      00004FH    INSECTION       ?PR??USART1_RX_INTERRUPT?UART
	CODE     008B8BH      00004DH    INSECTION       ?PR??REC_ADDR?UART
	CODE     008BD8H      00004CH    INSECTION       ?PR??RTC_SETDATETIME?RTC
	CODE     008C24H      00004BH    INSECTION       ?PR??TIM3OVF_ISR?TIMERS
	CODE     008C6FH      000047H    INSECTION       ?PR??REVERSE?ITOA
	CODE     008CB6H      000046H    INSECTION       ?PR??UPDTIME?ECMA0896
	CODE     008CFCH      000046H    INSECTION       ?PR??UPDVOLT?ECMA0896
	CODE     008D42H      000046H    INSECTION       ?PR??UPDCURR?ECMA0896
	CODE     008D88H      000043H    INSECTION       ?PR??INITLCD?ECMA0896
	CODE     008DCBH      00003EH    INSECTION       ?PR??CHECKPACKET?COMMANDS
	CODE     008E09H      00003EH    INSECTION       ?PR??UPDCNT?ECMA0896
	CODE     008E47H      00003DH    INSECTION       ?PR??INITIO?GPIO
	CODE     008E84H      00003CH    INSECTION       ?PR??PUTSTR?UART
	CODE     008EC0H      000030H    INSECTION       ?PR??INITUART?UART
	CODE     008EF0H      00002FH    INSECTION       ?PR??USART1_TX_INTERRUPT?UART
	CODE     008F1FH      00002BH    INSECTION       ?PR??SENDPACKET?COMMANDS
	CODE     008F4AH      00002AH    INSECTION       ?PR??BLINK?GPIO
	CODE     008F74H      000029H    INSECTION       ?PR??INITDAC?DAC
	CODE     008F9DH      000027H    INSECTION       ?PR??DELAY?MAIN
	CODE     008FC4H      000025H    INSECTION       ?PR??COMPCRC?COMMANDS
	CODE     008FE9H      000025H    INSECTION       ?PR??TIM2OVF_ISR?TIMERS
	CODE     00900EH      000022H    INSECTION       ?PR??INITTIM2?TIMERS
	CODE     009030H      000021H    INSECTION       ?PR??RTC_IRQ?RTC
	CODE     009051H      000021H    INSECTION       ?PR??CLS?ECMA0896
	CODE     009072H      000020H    INSECTION       ?PR??EE_READ?EEPROM
	CODE     009092H      00001FH    INSECTION       ?PR??REC_PARAM?UART
	CODE     0090B1H      00001EH    INSECTION       ?PR??REC_PREF?UART
	CODE     0090CFH      00001DH    INSECTION       ?PR??INITTIM3?TIMERS
	CODE     0090ECH      00001AH    INSECTION       ?PR??PUTPACK?UART
	CODE     009106H      000011H    INSECTION       ?PR??LED_SET?GPIO
	CODE     009117H      000011H    INSECTION       ?PR??DE_SET?GPIO
	CODE     009128H      000011H    INSECTION       ?PR??PULSE_SET?GPIO
	CODE     009139H      000011H    INSECTION       ?PR??CLEARRXBUFF?UART
	CODE     00914AH      000010H    INSECTION       ?PR??NOCOMMAND?UART
	CODE     00915AH      00000CH    INSECTION       ?PR??COMMANDLCD?ECMA0896
	CODE     009166H      00000CH    INSECTION       ?PR??LCDPRINT?ECMA0896
	CODE     009172H      00000CH    UNIT            ?PR?STATINIT
	CODE     00917EH      00000BH    INSECTION       ?PR??CHECKCMP?GPIO
	CODE     009189H      00000AH    INSECTION       ?PR??SENDOKRESPONSE?COMMANDS
	CODE     009193H      00000AH    INSECTION       ?PR??SENDERRRESPONSE?COMMANDS
	CODE     00919DH      000009H    INSECTION       ?PR??RTC_UNLOCK?RTC
	CODE     0091A6H      000009H    INSECTION       ?PR??RTC_LOCK?RTC

EXECUTABLE SUMMARY:
-------------------
    Total EEPROM storage requirement:  000CH (12)
    Total DATA storage requirement:  035DH.1 (861.1)
    Total CODE storage requirement:  11A2H (4514)


REFERENCE MAP OF MODULE: DEBUG\DAC.AOF (DAC)

SEGMENT
   +-->CALLED SEGMENT
---------------------
?PR??RTC_SETDATETIME?RTC
   +-->?PR??RTC_LOCK?RTC
   +-->CSTDLIB_SLL168
   +-->?PR??RTC_UNLOCK?RTC

?PR??ITOA?ITOA
   +-->?PR??REVERSE?ITOA
   +-->CSTDLIB_DIVS1616

?PR??DWTOA?ITOA
   +-->?PR??REVERSE?ITOA
   +-->CSTDLIB_CPU3232IX
   +-->CSTDLIB_NULL2BC
   +-->CSTDLIB_MV4BC2ISA
   +-->CSTDLIB_DIVU32
   +-->CSTDLIB_SWAPBCSK
   +-->CSTDLIB_PG2IX1
   +-->CSTDLIB_DIVU32
   +-->CSTDLIB_MV4ISA2BC
   +-->CSTDLIB_PG2SK1

?PR??REVERSE?ITOA
   +-->CSTDLIB_STRLEN

?PR??COMPCRC?COMMANDS
   +-->?PR??COMP_CRC?COMMANDS

?PR??CHECKPACKET?COMMANDS
   +-->?PR??CLEARRXBUFF?UART
   +-->?PR??COMP_CRC?COMMANDS

?PR??HANDLECOMMAND?COMMANDS
   +-->?PR??CLEARRXBUFF?UART
   +-->?PR??SENDOKRESPONSE?COMMANDS
   +-->?PR??UPDTIME?ECMA0896
   +-->?PR??UPDATEDAC?DAC
   +-->?PR??SETWKUP?MAIN
   +-->?PR??READPARAMETERS?EEPROM
   +-->?PR??EE_PGM?EEPROM
   +-->CSTDLIB_MV4ISA2BC
   +-->CSTDLIB_CPU3232IX
   +-->CSTDLIB_PG2BC
   +-->CSTDLIB_DIVU32
   +-->CSTDLIB_IX32
   +-->CSTDLIB_MV4BC2ISA
   +-->?PR??EE_READ?EEPROM
   +-->?PR??SENDPACKET?COMMANDS
   +-->CSTDLIB_SRL328
   +-->CSTDLIB_MV4IX2BC

?PR??SENDPACKET?COMMANDS
   +-->?PR??CLEARRXBUFF?UART
   +-->?PR??PUTPACK?UART
   +-->?PR??COMPCRC?COMMANDS

?PR??SENDOKRESPONSE?COMMANDS
   +-->?PR??SENDPACKET?COMMANDS

?PR??SENDERRRESPONSE?COMMANDS
   +-->?PR??SENDPACKET?COMMANDS

?PR??UPDATEDAC?DAC
   +-->?PR??UPDVOLT?ECMA0896
   +-->CSTDLIB_SRL328
   +-->CSTDLIB_IX32
   +-->CSTDLIB_CPU3232IX
   +-->CSTDLIB_PG2BC
   +-->CSTDLIB_MV4BC2ISA
   +-->CSTDLIB_DIVU32
   +-->CSTDLIB_MULU3232

?PR??INITLCD?ECMA0896
   +-->?PR??LCDPRINT?ECMA0896
   +-->?PR??COMMANDLCD?ECMA0896
   +-->?PR??DELAY?MAIN

?PR??CLS?ECMA0896
   +-->?PR??LCDPRINTSTR?ECMA0896
   +-->?STR?ECMA0896

?PR??COMMANDLCD?ECMA0896
   +-->?PR??WRITEBYTE?ECMA0896

?PR??LCDPRINT?ECMA0896
   +-->?PR??WRITEBYTE?ECMA0896

?PR??LCDPRINTSTR?ECMA0896
   +-->?PR??LCDPRINT?ECMA0896
   +-->?PR??COMMANDLCD?ECMA0896

?PR??UPDTIME?ECMA0896
   +-->CSTDLIB_STRCAT
   +-->CSTDLIB_STRCPY
   +-->?PR??ITOA?ITOA
   +-->?PR??LCDPRINTSTR?ECMA0896
   +-->?STR?ECMA0896

?PR??UPDVOLT?ECMA0896
   +-->CSTDLIB_STRCAT
   +-->CSTDLIB_STRCPY
   +-->?PR??ITOA?ITOA
   +-->?PR??LCDPRINTSTR?ECMA0896
   +-->?STR?ECMA0896

?PR??UPDCNT?ECMA0896
   +-->CSTDLIB_STRCAT
   +-->CSTDLIB_STRCPY
   +-->?PR??DWTOA?ITOA
   +-->?PR??LCDPRINTSTR?ECMA0896
   +-->?STR?ECMA0896

?PR??UPDCURR?ECMA0896
   +-->CSTDLIB_STRCAT
   +-->CSTDLIB_STRCPY
   +-->?PR??ITOA?ITOA
   +-->?PR??LCDPRINTSTR?ECMA0896
   +-->?STR?ECMA0896

?PR??READPARAMETERS?EEPROM
   +-->CSTDLIB_MV4BC2IX
   +-->CSTDLIB_ADD3232
   +-->CSTDLIB_MV4BC2SK
   +-->CSTDLIB_SLL328
   +-->CSTDLIB_CHARTOL

?PR??BLINK?GPIO
   +-->?PR??DELAY?MAIN
   +-->?PR??LED_SET?GPIO

?PR?MAIN?MAIN
   +-->CSTDLIB_ACCIX328
   +-->?PR??HANDLECOMMAND?COMMANDS
   +-->?PR??CHECKPACKET?COMMANDS
   +-->?PR??UPDCURR?ECMA0896
   +-->?PR??UPDCNT?ECMA0896
   +-->CSTDLIB_MV4IX2SK
   +-->?PR??UPDTIME?ECMA0896
   +-->?PR??UPDVOLT?ECMA0896
   +-->?PR??UPDATEDAC?DAC
   +-->?PR??INITUART?UART
   +-->?PR??INITDAC?DAC
   +-->?PR??CLS?ECMA0896
   +-->?PR??LED_SET?GPIO
   +-->?PR??DELAY?MAIN
   +-->?PR??INITLCD?ECMA0896
   +-->?PR??INITTIM3?TIMERS
   +-->?PR??INITTIM2?TIMERS
   +-->?PR??SETWKUP?MAIN
   +-->?PR??READPARAMETERS?EEPROM
   +-->?PR??RTC_INIT?RTC
   +-->?PR??INITIO?GPIO

?PR??SETWKUP?MAIN
   +-->?PR??RTC_LOCK?RTC

?PR??TIM3OVF_ISR?TIMERS
   +-->?PR??PULSE_SET?GPIO
   +-->?PR??CHECKCMP?GPIO

?PR??INITUART?UART
   +-->?PR??CLEARRXBUFF?UART

?PR??PUTSTR?UART
   +-->?PR??PUTPACK?UART

?PR??USART1_RX_INTERRUPT?UART
   +-->?PR??NOCOMMAND?UART
   +-->?PR??REC_PARAM?UART
   +-->?PR??REC_COMMAND?UART
   +-->?PR??REC_ADDR?UART
   +-->?PR??REC_PREF?UART

?PR??REC_PREF?UART
   +-->?PR??NOCOMMAND?UART

?PR??REC_ADDR?UART
   +-->?PR??NOCOMMAND?UART

?PR??REC_COMMAND?UART
   +-->?PR??CLEARRXBUFF?UART
   +-->?PR?COMMANDS

?PR??NOCOMMAND?UART
   +-->?PR??CLEARRXBUFF?UART


SYMBOL TABLE FOR DEBUG\DAC.AOF(RTC)
------------------------------------

	VALUE              TYPE               NAME
	-----              ----               ----

	----------         TranslatorMod-ST7  RTC
	  C:009030H        PUBLIC             ?RTC_irq
	  B:000010H        PUBLIC             RTC_Flag
	  C:0091A6H        PUBLIC             ?RTC_lock
	  C:00919DH        PUBLIC             ?RTC_unlock
	  C:008016H        PUBLIC             ?RTC_readDateTime
	  C:008BD8H        PUBLIC             ?RTC_setDateTime
	  C:00855CH        PUBLIC             ?RTC_init
	  C:009030H        SYMBOL             ?RTC_irq
	  B:000010H        SYMBOL             RTC_Flag
	  C:0091A6H        SYMBOL             ?RTC_lock
	  C:00919DH        SYMBOL             ?RTC_unlock
	  C:008016H        SYMBOL             ?RTC_readDateTime
	  C:008BD8H        SYMBOL             ?RTC_setDateTime
	  C:00855CH        SYMBOL             ?RTC_init
	  T:000000H        SYMBOL             BYTE
	  T:000000H        SYMBOL             WORD
	  T:000000H        SYMBOL             DWORD
	  T:000000H        SYMBOL             size_t
	  T:000000H        SYMBOL             _fctptr_t
	  D:007F77H        SYMBOL             ITC_SPR8
	  D:007F76H        SYMBOL             ITC_SPR7
	  D:007F75H        SYMBOL             ITC_SPR6
	  D:007F74H        SYMBOL             ITC_SPR5
	  D:007F73H        SYMBOL             ITC_SPR4
	  D:007F72H        SYMBOL             ITC_SPR3
	  D:007F71H        SYMBOL             ITC_SPR2
	  D:007F70H        SYMBOL             ITC_SPR1
	  D:007F60H        SYMBOL             CFG_GCR
	  D:005444H        SYMBOL             COMP_CSR5
	  D:005443H        SYMBOL             COMP_CSR4
	  D:005442H        SYMBOL             COMP_CSR3
	  D:005441H        SYMBOL             COMP_CSR2
	  D:005440H        SYMBOL             COMP_CSR1
	  D:00543FH        SYMBOL             RI_RCR
	  D:00543EH        SYMBOL             RI_ASCR2
	  D:00543DH        SYMBOL             RI_ASCR1
	  D:00543CH        SYMBOL             RI_IOGCR
	  D:00543BH        SYMBOL             RI_IOSR3
	  D:00543AH        SYMBOL             RI_IOSR2
	  D:005439H        SYMBOL             RI_IOSR1
	  D:005438H        SYMBOL             RI_IOCMR3
	  D:005437H        SYMBOL             RI_IOCMR2
	  D:005436H        SYMBOL             RI_IOCMR1
	  D:005435H        SYMBOL             RI_IOIR3
	  D:005434H        SYMBOL             RI_IOIR2
	  D:005433H        SYMBOL             RI_IOIR1
	  D:005432H        SYMBOL             RI_ICR2
	  D:005431H        SYMBOL             RI_ICR1
	  D:0053ADH        SYMBOL             DAC_DORL
	  D:0053ACH        SYMBOL             DAC_DORH
	  D:0053ACH        SYMBOL             DAC_DOR
	  D:005390H        SYMBOL             DAC_DHR8
	  D:00538DH        SYMBOL             DAC_LDHRL
	  D:00538CH        SYMBOL             DAC_LDHRH
	  D:00538CH        SYMBOL             DAC_LDHR
	  D:005389H        SYMBOL             DAC_RDHRL
	  D:005388H        SYMBOL             DAC_RDHRH
	  D:005388H        SYMBOL             DAC_RDHR
	  D:005385H        SYMBOL             DAC_SR
	  D:005384H        SYMBOL             DAC_SWTRIGR
	  D:005381H        SYMBOL             DAC_CR2
	  D:005380H        SYMBOL             DAC_CR1
	  D:005351H        SYMBOL             ADC1_TRIGR4
	  D:005350H        SYMBOL             ADC1_TRIGR3
	  D:00534FH        SYMBOL             ADC1_TRIGR2
	  D:00534EH        SYMBOL             ADC1_TRIGR1
	  D:00534DH        SYMBOL             ADC1_SQR4
	  D:00534CH        SYMBOL             ADC1_SQR3
	  D:00534BH        SYMBOL             ADC1_SQR2
	  D:00534AH        SYMBOL             ADC1_SQR1
	  D:005349H        SYMBOL             ADC1_LTRL
	  D:005348H        SYMBOL             ADC1_LTRH
	  D:005348H        SYMBOL             ADC1_LTR
	  D:005347H        SYMBOL             ADC1_HTRL
	  D:005346H        SYMBOL             ADC1_HTRH
	  D:005346H        SYMBOL             ADC1_HTR
	  D:005345H        SYMBOL             ADC1_DRL
	  D:005344H        SYMBOL             ADC1_DRH
	  D:005344H        SYMBOL             ADC1_DR
	  D:005343H        SYMBOL             ADC1_SR
	  D:005342H        SYMBOL             ADC1_CR3
	  D:005341H        SYMBOL             ADC1_CR2
	  D:005340H        SYMBOL             ADC1_CR1
	  D:0052FFH        SYMBOL             IR_CR
	  D:0052E9H        SYMBOL             TIM4_ARR
	  D:0052E8H        SYMBOL             TIM4_PSCR
	  D:0052E7H        SYMBOL             TIM4_CNTR
	  D:0052E6H        SYMBOL             TIM4_EGR
	  D:0052E5H        SYMBOL             TIM4_SR1
	  D:0052E4H        SYMBOL             TIM4_IER
	  D:0052E3H        SYMBOL             TIM4_DER
	  D:0052E2H        SYMBOL             TIM4_SMCR
	  D:0052E1H        SYMBOL             TIM4_CR2
	  D:0052E0H        SYMBOL             TIM4_CR1
	  D:0052D3H        SYMBOL             TIM1_DMAR
	  D:0052D2H        SYMBOL             TIM1_DCR2
	  D:0052D1H        SYMBOL             TIM1_DCR1
	  D:0052D0H        SYMBOL             TIM1_OISR
	  D:0052CFH        SYMBOL             TIM1_DTR
	  D:0052CEH        SYMBOL             TIM1_BKR
	  D:0052CDH        SYMBOL             TIM1_CCR4L
	  D:0052CCH        SYMBOL             TIM1_CCR4H
	  D:0052CCH        SYMBOL             TIM1_CCR4
	  D:0052CBH        SYMBOL             TIM1_CCR3L
	  D:0052CAH        SYMBOL             TIM1_CCR3H
	  D:0052CAH        SYMBOL             TIM1_CCR3
	  D:0052C9H        SYMBOL             TIM1_CCR2L
	  D:0052C8H        SYMBOL             TIM1_CCR2H
	  D:0052C8H        SYMBOL             TIM1_CCR2
	  D:0052C7H        SYMBOL             TIM1_CCR1L
	  D:0052C6H        SYMBOL             TIM1_CCR1H
	  D:0052C6H        SYMBOL             TIM1_CCR1
	  D:0052C5H        SYMBOL             TIM1_RCR
	  D:0052C4H        SYMBOL             TIM1_ARRL
	  D:0052C3H        SYMBOL             TIM1_ARRH
	  D:0052C3H        SYMBOL             TIM1_ARR
	  D:0052C2H        SYMBOL             TIM1_PSCRL
	  D:0052C1H        SYMBOL             TIM1_PSCRH
	  D:0052C1H        SYMBOL             TIM1_PSCR
	  D:0052C0H        SYMBOL             TIM1_CNTRL
	  D:0052BFH        SYMBOL             TIM1_CNTRH
	  D:0052BFH        SYMBOL             TIM1_CNTR
	  D:0052BEH        SYMBOL             TIM1_CCER2
	  D:0052BDH        SYMBOL             TIM1_CCER1
	  D:0052BCH        SYMBOL             TIM1_CCMR4
	  D:0052BBH        SYMBOL             TIM1_CCMR3
	  D:0052BAH        SYMBOL             TIM1_CCMR2
	  D:0052B9H        SYMBOL             TIM1_CCMR1
	  D:0052B8H        SYMBOL             TIM1_EGR
	  D:0052B7H        SYMBOL             TIM1_SR2
	  D:0052B6H        SYMBOL             TIM1_SR1
	  D:0052B5H        SYMBOL             TIM1_IER
	  D:0052B4H        SYMBOL             TIM1_DER
	  D:0052B3H        SYMBOL             TIM1_ETR
	  D:0052B2H        SYMBOL             TIM1_SMCR
	  D:0052B1H        SYMBOL             TIM1_CR2
	  D:0052B0H        SYMBOL             TIM1_CR1
	  D:005296H        SYMBOL             TIM3_OISR
	  D:005295H        SYMBOL             TIM3_BKR
	  D:005294H        SYMBOL             TIM3_CCR2L
	  D:005293H        SYMBOL             TIM3_CCR2H
	  D:005293H        SYMBOL             TIM3_CCR2
	  D:005292H        SYMBOL             TIM3_CCR1L
	  D:005291H        SYMBOL             TIM3_CCR1H
	  D:005291H        SYMBOL             TIM3_CCR1
	  D:005290H        SYMBOL             TIM3_ARRL
	  D:00528FH        SYMBOL             TIM3_ARRH
	  D:00528FH        SYMBOL             TIM3_ARR
	  D:00528EH        SYMBOL             TIM3_PSCR
	  D:00528DH        SYMBOL             TIM3_CNTRL
	  D:00528CH        SYMBOL             TIM3_CNTRH
	  D:00528CH        SYMBOL             TIM3_CNTR
	  D:00528BH        SYMBOL             TIM3_CCER1
	  D:00528AH        SYMBOL             TIM3_CCMR2
	  D:005289H        SYMBOL             TIM3_CCMR1
	  D:005288H        SYMBOL             TIM3_EGR
	  D:005287H        SYMBOL             TIM3_SR2
	  D:005286H        SYMBOL             TIM3_SR1
	  D:005285H        SYMBOL             TIM3_IER
	  D:005284H        SYMBOL             TIM3_DER
	  D:005283H        SYMBOL             TIM3_ETR
	  D:005282H        SYMBOL             TIM3_SMCR
	  D:005281H        SYMBOL             TIM3_CR2
	  D:005280H        SYMBOL             TIM3_CR1
	  D:005266H        SYMBOL             TIM2_OISR
	  D:005265H        SYMBOL             TIM2_BKR
	  D:005264H        SYMBOL             TIM2_CCR2L
	  D:005263H        SYMBOL             TIM2_CCR2H
	  D:005263H        SYMBOL             TIM2_CCR2
	  D:005262H        SYMBOL             TIM2_CCR1L
	  D:005261H        SYMBOL             TIM2_CCR1H
	  D:005261H        SYMBOL             TIM2_CCR1
	  D:005260H        SYMBOL             TIM2_ARRL
	  D:00525FH        SYMBOL             TIM2_ARRH
	  D:00525FH        SYMBOL             TIM2_ARR
	  D:00525EH        SYMBOL             TIM2_PSCR
	  D:00525DH        SYMBOL             TIM2_CNTRL
	  D:00525CH        SYMBOL             TIM2_CNTRH
	  D:00525CH        SYMBOL             TIM2_CNTR
	  D:00525BH        SYMBOL             TIM2_CCER1
	  D:00525AH        SYMBOL             TIM2_CCMR2
	  D:005259H        SYMBOL             TIM2_CCMR1
	  D:005258H        SYMBOL             TIM2_EGR
	  D:005257H        SYMBOL             TIM2_SR2
	  D:005256H        SYMBOL             TIM2_SR1
	  D:005255H        SYMBOL             TIM2_IER
	  D:005254H        SYMBOL             TIM2_DER
	  D:005253H        SYMBOL             TIM2_ETR
	  D:005252H        SYMBOL             TIM2_SMCR
	  D:005251H        SYMBOL             TIM2_CR2
	  D:005250H        SYMBOL             TIM2_CR1
	  D:00523AH        SYMBOL             USART1_PSCR
	  D:005239H        SYMBOL             USART1_GTR
	  D:005238H        SYMBOL             USART1_CR5
	  D:005237H        SYMBOL             USART1_CR4
	  D:005236H        SYMBOL             USART1_CR3
	  D:005235H        SYMBOL             USART1_CR2
	  D:005234H        SYMBOL             USART1_CR1
	  D:005233H        SYMBOL             USART1_BRR2
	  D:005232H        SYMBOL             USART1_BRR1
	  D:005231H        SYMBOL             USART1_DR
	  D:005230H        SYMBOL             USART1_SR
	  D:00521EH        SYMBOL             I2C1_PECR
	  D:00521DH        SYMBOL             I2C1_TRISER
	  D:00521CH        SYMBOL             I2C1_CCRH
	  D:00521BH        SYMBOL             I2C1_CCRL
	  D:00521AH        SYMBOL             I2C1_ITR
	  D:005219H        SYMBOL             I2C1_SR3
	  D:005218H        SYMBOL             I2C1_SR2
	  D:005217H        SYMBOL             I2C1_SR1
	  D:005216H        SYMBOL             I2C1_DR
	  D:005214H        SYMBOL             I2C1_OARH
	  D:005213H        SYMBOL             I2C1_OARL
	  D:005212H        SYMBOL             I2C1_FREQR
	  D:005211H        SYMBOL             I2C1_CR2
	  D:005210H        SYMBOL             I2C1_CR1
	  D:005207H        SYMBOL             SPI1_TXCRCR
	  D:005206H        SYMBOL             SPI1_RXCRCR
	  D:005205H        SYMBOL             SPI1_CRCPR
	  D:005204H        SYMBOL             SPI1_DR
	  D:005203H        SYMBOL             SPI1_SR
	  D:005202H        SYMBOL             SPI1_ICR
	  D:005201H        SYMBOL             SPI1_CR2
	  D:005200H        SYMBOL             SPI1_CR1
	  D:00515FH        SYMBOL             RTC_ALRMAR4
	  D:00515EH        SYMBOL             RTC_ALRMAR3
	  D:00515DH        SYMBOL             RTC_ALRMAR2
	  D:00515CH        SYMBOL             RTC_ALRMAR1
	  D:005159H        SYMBOL             RTC_WPR
	  D:005155H        SYMBOL             RTC_WUTRL
	  D:005154H        SYMBOL             RTC_WUTRH
	  D:005154H        SYMBOL             RTC_WUTR
	  D:005152H        SYMBOL             RTC_APRER
	  D:005151H        SYMBOL             RTC_SPRERL
	  D:005150H        SYMBOL             RTC_SPRERH
	  D:005150H        SYMBOL             RTC_SPRER
	  D:00514DH        SYMBOL             RTC_ISR2
	  D:00514CH        SYMBOL             RTC_ISR1
	  D:00514AH        SYMBOL             RTC_CR3
	  D:005149H        SYMBOL             RTC_CR2
	  D:005148H        SYMBOL             RTC_CR1
	  D:005146H        SYMBOL             RTC_DR3
	  D:005145H        SYMBOL             RTC_DR2
	  D:005144H        SYMBOL             RTC_DR1
	  D:005142H        SYMBOL             RTC_TR3
	  D:005141H        SYMBOL             RTC_TR2
	  D:005140H        SYMBOL             RTC_TR1
	  D:0050F3H        SYMBOL             BEEP_CSR2
	  D:0050F0H        SYMBOL             BEEP_CSR1
	  D:0050E2H        SYMBOL             IWDG_RLR
	  D:0050E1H        SYMBOL             IWDG_PR
	  D:0050E0H        SYMBOL             IWDG_KR
	  D:0050D4H        SYMBOL             WWDG_WR
	  D:0050D3H        SYMBOL             WWDG_CR
	  D:0050CFH        SYMBOL             CLK_REGCSR
	  D:0050CEH        SYMBOL             CLK_HSIUNLCKR
	  D:0050CDH        SYMBOL             CLK_HSITRIMR
	  D:0050CCH        SYMBOL             CLK_HSICALR
	  D:0050CBH        SYMBOL             CLK_CBEEPR
	  D:0050CAH        SYMBOL             CLK_CSSR
	  D:0050C9H        SYMBOL             CLK_SWCR
	  D:0050C8H        SYMBOL             CLK_SWR
	  D:0050C7H        SYMBOL             CLK_SCSR
	  D:0050C6H        SYMBOL             CLK_ECKCR
	  D:0050C5H        SYMBOL             CLK_CCOR
	  D:0050C4H        SYMBOL             CLK_PCKENR2
	  D:0050C3H        SYMBOL             CLK_PCKENR1
	  D:0050C2H        SYMBOL             CLK_ICKCR
	  D:0050C1H        SYMBOL             CLK_CRTCR
	  D:0050C0H        SYMBOL             CLK_CKDIVR
	  D:0050B3H        SYMBOL             PWR_CSR2
	  D:0050B2H        SYMBOL             PWR_CSR1
	  D:0050B1H        SYMBOL             RST_SR
	  D:0050B0H        SYMBOL             RST_CR
	  D:0050A8H        SYMBOL             WFE_CR3
	  D:0050A7H        SYMBOL             WFE_CR2
	  D:0050A6H        SYMBOL             WFE_CR1
	  D:0050A5H        SYMBOL             EXTI_CONF
	  D:0050A4H        SYMBOL             EXTI_SR2
	  D:0050A3H        SYMBOL             EXTI_SR1
	  D:0050A2H        SYMBOL             EXTI_CR3
	  D:0050A1H        SYMBOL             EXTI_CR2
	  D:0050A0H        SYMBOL             EXTI_CR1
	  D:00509FH        SYMBOL             SYSCFG_RMPCR2
	  D:00509EH        SYMBOL             SYSCFG_RMPCR1
	  D:00509AH        SYMBOL             DMA1_C3M0ARL
	  D:005099H        SYMBOL             DMA1_C3M0ARH
	  D:005099H        SYMBOL             DMA1_C3M0AR
	  D:005097H        SYMBOL             DMA1_C3PARL_C3M1ARL
	  D:005096H        SYMBOL             DMA1_C3PARH_C3M1ARH
	  D:005096H        SYMBOL             DMA1_C3PAR_C3M1AR
	  D:005095H        SYMBOL             DMA1_C3NDTR
	  D:005094H        SYMBOL             DMA1_C3SPR
	  D:005093H        SYMBOL             DMA1_C3CR
	  D:005090H        SYMBOL             DMA1_C2M0ARL
	  D:00508FH        SYMBOL             DMA1_C2M0ARH
	  D:00508FH        SYMBOL             DMA1_C2M0AR
	  D:00508DH        SYMBOL             DMA1_C2PARL
	  D:00508CH        SYMBOL             DMA1_C2PARH
	  D:00508CH        SYMBOL             DMA1_C2PAR
	  D:00508BH        SYMBOL             DMA1_C2NDTR
	  D:00508AH        SYMBOL             DMA1_C2SPR
	  D:005089H        SYMBOL             DMA1_C2CR
	  D:005086H        SYMBOL             DMA1_C1M0ARL
	  D:005085H        SYMBOL             DMA1_C1M0ARH
	  D:005085H        SYMBOL             DMA1_C1M0AR
	  D:005083H        SYMBOL             DMA1_C1PARL
	  D:005082H        SYMBOL             DMA1_C1PARH
	  D:005082H        SYMBOL             DMA1_C1PAR
	  D:005081H        SYMBOL             DMA1_C1NDTR
	  D:005080H        SYMBOL             DMA1_C1SPR
	  D:00507FH        SYMBOL             DMA1_C1CR
	  D:00507CH        SYMBOL             DMA1_C0M0ARL
	  D:00507BH        SYMBOL             DMA1_C0M0ARH
	  D:00507BH        SYMBOL             DMA1_C0M0AR
	  D:005079H        SYMBOL             DMA1_C0PARL
	  D:005078H        SYMBOL             DMA1_C0PARH
	  D:005078H        SYMBOL             DMA1_C0PAR
	  D:005077H        SYMBOL             DMA1_C0NDTR
	  D:005076H        SYMBOL             DMA1_C0SPR
	  D:005075H        SYMBOL             DMA1_C0CR
	  D:005071H        SYMBOL             DMA1_GIR1
	  D:005070H        SYMBOL             DMA1_GCSR
	  D:005054H        SYMBOL             FLASH_IAPSR
	  D:005053H        SYMBOL             FLASH_DUKR
	  D:005052H        SYMBOL             FLASH_PUKR
	  D:005051H        SYMBOL             FLASH_CR2
	  D:005050H        SYMBOL             FLASH_CR1
	  D:00501DH        SYMBOL             PF_CR2
	  D:00501CH        SYMBOL             PF_CR1
	  D:00501BH        SYMBOL             PF_DDR
	  D:00501AH        SYMBOL             PF_IDR
	  D:005019H        SYMBOL             PF_ODR
	  D:005018H        SYMBOL             PE_CR2
	  D:005017H        SYMBOL             PE_CR1
	  D:005016H        SYMBOL             PE_DDR
	  D:005015H        SYMBOL             PE_IDR
	  D:005014H        SYMBOL             PE_ODR
	  D:005013H        SYMBOL             PD_CR2
	  D:005012H        SYMBOL             PD_CR1
	  D:005011H        SYMBOL             PD_DDR
	  D:005010H        SYMBOL             PD_IDR
	  D:00500FH        SYMBOL             PD_ODR
	  D:00500EH        SYMBOL             PC_CR2
	  D:00500DH        SYMBOL             PC_CR1
	  D:00500CH        SYMBOL             PC_DDR
	  D:00500BH        SYMBOL             PC_IDR
	  D:00500AH        SYMBOL             PC_ODR
	  D:005009H        SYMBOL             PB_CR2
	  D:005008H        SYMBOL             PB_CR1
	  D:005007H        SYMBOL             PB_DDR
	  D:005006H        SYMBOL             PB_IDR
	  D:005005H        SYMBOL             PB_ODR
	  D:005004H        SYMBOL             PA_CR2
	  D:005003H        SYMBOL             PA_CR1
	  D:005002H        SYMBOL             PA_DDR
	  D:005001H        SYMBOL             PA_IDR
	  D:005000H        SYMBOL             PA_ODR
	  N:000FFEH        SYMBOL             _ICE_DUMMY_
	----------         PROC-ST7           ?PR??RTC_INIT?RTC
	  C:00855CH        LINE#              18
	  C:00855CH        LINE#              21
	  C:008560H        LINE#              22
	  C:008564H        LINE#              23
	  C:008568H        LINE#              24
	  C:008572H        LINE#              25
	  C:008576H        LINE#              26
	  C:00857AH        LINE#              27
	  C:00857EH        LINE#              28
	  C:008582H        LINE#              29
	  C:008586H        LINE#              32
	  C:00858AH        LINE#              33
	  C:00858EH        LINE#              34
	  C:008592H        LINE#              35
	  C:008596H        LINE#              37
	  C:00859AH        LINE#              38
	  C:00859EH        LINE#              39
	  C:0085A2H        LINE#              40
	  C:0085A6H        LINE#              41
	  C:0085AAH        LINE#              42
	  C:0085AEH        LINE#              43
	  C:0085B2H        LINE#              44
	  C:0085B6H        LINE#              45
	  C:0085BAH        LINE#              46
	  C:0085BEH        LINE#              47
	  C:0085C2H        LINE#              48
	  C:0085C6H        LINE#              49
	  C:0085CAH        LINE#              50
	  C:0085CEH        LINE#              51
	  C:0085D2H        LINE#              52
	  C:0085D6H        LINE#              53
	  C:0085DAH        LINE#              54
	  C:0085DEH        LINE#              55
	  C:0085E2H        LINE#              56
	  C:0085E6H        LINE#              57
	  C:0085F2H        LINE#              58
	  C:0085F6H        LINE#              59
	  C:0085FAH        LINE#              60
	  C:0085FEH        LINE#              61
	  C:008602H        LINE#              62
	  C:008606H        LINE#              63
	  C:00860AH        LINE#              64
	  C:00860EH        LINE#              65
	  C:008612H        LINE#              66
	  C:008616H        LINE#              67
	  C:00861AH        LINE#              68
	  C:00861EH        LINE#              69
	  C:008622H        LINE#              71
	  C:008626H        LINE#              72
	  C:00862AH        LINE#              73
	  C:008636H        LINE#              75
	----------         ENDPROC-ST7        
	----------         PROC-ST7           ?PR??RTC_SETDATETIME?RTC
	  S:000001H        SYMBOL             y
	  S:000004H        SYMBOL             mo
	  S:000005H        SYMBOL             w
	  S:000006H        SYMBOL             d
	  S:000007H        SYMBOL             h
	  S:0291A4H        SYMBOL             m
	  S:000009H        SYMBOL             s
	  C:008BD8H        LINE#              77
	  C:008BD9H        LINE#              79
	  C:008BDCH        LINE#              80
	  C:008BE0H        LINE#              81
	  C:008BEAH        LINE#              82
	  C:008BEFH        LINE#              83
	  C:008BF4H        LINE#              84
	  C:008BF9H        LINE#              85
	  C:008BFEH        LINE#              86
	  C:008C0EH        LINE#              87
	  C:008C13H        LINE#              89
	  C:008C1FH        LINE#              90
	  C:008C23H        LINE#              91
	----------         ENDPROC-ST7        
	----------         PROC-ST7           ?PR??RTC_READDATETIME?RTC
	  C:008016H        LINE#              93
	  C:008016H        LINE#              96
	----------         ENDPROC-ST7        
	----------         PROC-ST7           ?PR??RTC_IRQ?RTC
	  C:009030H        LINE#              98
	  C:009033H        LINE#              101
	  C:009049H        LINE#              102
	  C:009050H        LINE#              104
	----------         ENDPROC-ST7        
	----------         PROC-ST7           ?PR??RTC_UNLOCK?RTC
	  C:00919DH        LINE#              106
	  C:00919DH        LINE#              108
	  C:0091A1H        LINE#              109
	  C:0091A5H        LINE#              110
	----------         ENDPROC-ST7        
	----------         PROC-ST7           ?PR??RTC_LOCK?RTC
	  C:0091A6H        LINE#              111
	  C:0091A6H        LINE#              113
	  C:0091AAH        LINE#              114
	  C:0091AEH        LINE#              115
	----------         ENDPROC-ST7        
	----------         EndModule-ST7      
	----------         TranslatorMod-ST7  ITOA
	  C:008C6FH        PUBLIC             ?reverse
	  C:008AECH        PUBLIC             ?dwtoa
	  C:0089D4H        PUBLIC             ?itoa
	  C:008C6FH        SYMBOL             ?reverse
	  C:008AECH        SYMBOL             ?dwtoa
	  C:0089D4H        SYMBOL             ?itoa
	  T:000000H        SYMBOL             BYTE
	  T:000000H        SYMBOL             WORD
	  T:000000H        SYMBOL             DWORD
	  T:000000H        SYMBOL             _fctptr_t
	  D:007F77H        SYMBOL             ITC_SPR8
	  D:007F76H        SYMBOL             ITC_SPR7
	  D:007F75H        SYMBOL             ITC_SPR6
	  D:007F74H        SYMBOL             ITC_SPR5
	  D:007F73H        SYMBOL             ITC_SPR4
	  D:007F72H        SYMBOL             ITC_SPR3
	  D:007F71H        SYMBOL             ITC_SPR2
	  D:007F70H        SYMBOL             ITC_SPR1
	  D:007F60H        SYMBOL             CFG_GCR
	  D:005444H        SYMBOL             COMP_CSR5
	  D:005443H        SYMBOL             COMP_CSR4
	  D:005442H        SYMBOL             COMP_CSR3
	  D:005441H        SYMBOL             COMP_CSR2
	  D:005440H        SYMBOL             COMP_CSR1
	  D:00543FH        SYMBOL             RI_RCR
	  D:00543EH        SYMBOL             RI_ASCR2
	  D:00543DH        SYMBOL             RI_ASCR1
	  D:00543CH        SYMBOL             RI_IOGCR
	  D:00543BH        SYMBOL             RI_IOSR3
	  D:00543AH        SYMBOL             RI_IOSR2
	  D:005439H        SYMBOL             RI_IOSR1
	  D:005438H        SYMBOL             RI_IOCMR3
	  D:005437H        SYMBOL             RI_IOCMR2
	  D:005436H        SYMBOL             RI_IOCMR1
	  D:005435H        SYMBOL             RI_IOIR3
	  D:005434H        SYMBOL             RI_IOIR2
	  D:005433H        SYMBOL             RI_IOIR1
	  D:005432H        SYMBOL             RI_ICR2
	  D:005431H        SYMBOL             RI_ICR1
	  D:0053ADH        SYMBOL             DAC_DORL
	  D:0053ACH        SYMBOL             DAC_DORH
	  D:0053ACH        SYMBOL             DAC_DOR
	  D:005390H        SYMBOL             DAC_DHR8
	  D:00538DH        SYMBOL             DAC_LDHRL
	  D:00538CH        SYMBOL             DAC_LDHRH
	  D:00538CH        SYMBOL             DAC_LDHR
	  D:005389H        SYMBOL             DAC_RDHRL
	  D:005388H        SYMBOL             DAC_RDHRH
	  D:005388H        SYMBOL             DAC_RDHR
	  D:005385H        SYMBOL             DAC_SR
	  D:005384H        SYMBOL             DAC_SWTRIGR
	  D:005381H        SYMBOL             DAC_CR2
	  D:005380H        SYMBOL             DAC_CR1
	  D:005351H        SYMBOL             ADC1_TRIGR4
	  D:005350H        SYMBOL             ADC1_TRIGR3
	  D:00534FH        SYMBOL             ADC1_TRIGR2
	  D:00534EH        SYMBOL             ADC1_TRIGR1
	  D:00534DH        SYMBOL             ADC1_SQR4
	  D:00534CH        SYMBOL             ADC1_SQR3
	  D:00534BH        SYMBOL             ADC1_SQR2
	  D:00534AH        SYMBOL             ADC1_SQR1
	  D:005349H        SYMBOL             ADC1_LTRL
	  D:005348H        SYMBOL             ADC1_LTRH
	  D:005348H        SYMBOL             ADC1_LTR
	  D:005347H        SYMBOL             ADC1_HTRL
	  D:005346H        SYMBOL             ADC1_HTRH
	  D:005346H        SYMBOL             ADC1_HTR
	  D:005345H        SYMBOL             ADC1_DRL
	  D:005344H        SYMBOL             ADC1_DRH
	  D:005344H        SYMBOL             ADC1_DR
	  D:005343H        SYMBOL             ADC1_SR
	  D:005342H        SYMBOL             ADC1_CR3
	  D:005341H        SYMBOL             ADC1_CR2
	  D:005340H        SYMBOL             ADC1_CR1
	  D:0052FFH        SYMBOL             IR_CR
	  D:0052E9H        SYMBOL             TIM4_ARR
	  D:0052E8H        SYMBOL             TIM4_PSCR
	  D:0052E7H        SYMBOL             TIM4_CNTR
	  D:0052E6H        SYMBOL             TIM4_EGR
	  D:0052E5H        SYMBOL             TIM4_SR1
	  D:0052E4H        SYMBOL             TIM4_IER
	  D:0052E3H        SYMBOL             TIM4_DER
	  D:0052E2H        SYMBOL             TIM4_SMCR
	  D:0052E1H        SYMBOL             TIM4_CR2
	  D:0052E0H        SYMBOL             TIM4_CR1
	  D:0052D3H        SYMBOL             TIM1_DMAR
	  D:0052D2H        SYMBOL             TIM1_DCR2
	  D:0052D1H        SYMBOL             TIM1_DCR1
	  D:0052D0H        SYMBOL             TIM1_OISR
	  D:0052CFH        SYMBOL             TIM1_DTR
	  D:0052CEH        SYMBOL             TIM1_BKR
	  D:0052CDH        SYMBOL             TIM1_CCR4L
	  D:0052CCH        SYMBOL             TIM1_CCR4H
	  D:0052CCH        SYMBOL             TIM1_CCR4
	  D:0052CBH        SYMBOL             TIM1_CCR3L
	  D:0052CAH        SYMBOL             TIM1_CCR3H
	  D:0052CAH        SYMBOL             TIM1_CCR3
	  D:0052C9H        SYMBOL             TIM1_CCR2L
	  D:0052C8H        SYMBOL             TIM1_CCR2H
	  D:0052C8H        SYMBOL             TIM1_CCR2
	  D:0052C7H        SYMBOL             TIM1_CCR1L
	  D:0052C6H        SYMBOL             TIM1_CCR1H
	  D:0052C6H        SYMBOL             TIM1_CCR1
	  D:0052C5H        SYMBOL             TIM1_RCR
	  D:0052C4H        SYMBOL             TIM1_ARRL
	  D:0052C3H        SYMBOL             TIM1_ARRH
	  D:0052C3H        SYMBOL             TIM1_ARR
	  D:0052C2H        SYMBOL             TIM1_PSCRL
	  D:0052C1H        SYMBOL             TIM1_PSCRH
	  D:0052C1H        SYMBOL             TIM1_PSCR
	  D:0052C0H        SYMBOL             TIM1_CNTRL
	  D:0052BFH        SYMBOL             TIM1_CNTRH
	  D:0052BFH        SYMBOL             TIM1_CNTR
	  D:0052BEH        SYMBOL             TIM1_CCER2
	  D:0052BDH        SYMBOL             TIM1_CCER1
	  D:0052BCH        SYMBOL             TIM1_CCMR4
	  D:0052BBH        SYMBOL             TIM1_CCMR3
	  D:0052BAH        SYMBOL             TIM1_CCMR2
	  D:0052B9H        SYMBOL             TIM1_CCMR1
	  D:0052B8H        SYMBOL             TIM1_EGR
	  D:0052B7H        SYMBOL             TIM1_SR2
	  D:0052B6H        SYMBOL             TIM1_SR1
	  D:0052B5H        SYMBOL             TIM1_IER
	  D:0052B4H        SYMBOL             TIM1_DER
	  D:0052B3H        SYMBOL             TIM1_ETR
	  D:0052B2H        SYMBOL             TIM1_SMCR
	  D:0052B1H        SYMBOL             TIM1_CR2
	  D:0052B0H        SYMBOL             TIM1_CR1
	  D:005296H        SYMBOL             TIM3_OISR
	  D:005295H        SYMBOL             TIM3_BKR
	  D:005294H        SYMBOL             TIM3_CCR2L
	  D:005293H        SYMBOL             TIM3_CCR2H
	  D:005293H        SYMBOL             TIM3_CCR2
	  D:005292H        SYMBOL             TIM3_CCR1L
	  D:005291H        SYMBOL             TIM3_CCR1H
	  D:005291H        SYMBOL             TIM3_CCR1
	  D:005290H        SYMBOL             TIM3_ARRL
	  D:00528FH        SYMBOL             TIM3_ARRH
	  D:00528FH        SYMBOL             TIM3_ARR
	  D:00528EH        SYMBOL             TIM3_PSCR
	  D:00528DH        SYMBOL             TIM3_CNTRL
	  D:00528CH        SYMBOL             TIM3_CNTRH
	  D:00528CH        SYMBOL             TIM3_CNTR
	  D:00528BH        SYMBOL             TIM3_CCER1
	  D:00528AH        SYMBOL             TIM3_CCMR2
	  D:005289H        SYMBOL             TIM3_CCMR1
	  D:005288H        SYMBOL             TIM3_EGR
	  D:005287H        SYMBOL             TIM3_SR2
	  D:005286H        SYMBOL             TIM3_SR1
	  D:005285H        SYMBOL             TIM3_IER
	  D:005284H        SYMBOL             TIM3_DER
	  D:005283H        SYMBOL             TIM3_ETR
	  D:005282H        SYMBOL             TIM3_SMCR
	  D:005281H        SYMBOL             TIM3_CR2
	  D:005280H        SYMBOL             TIM3_CR1
	  D:005266H        SYMBOL             TIM2_OISR
	  D:005265H        SYMBOL             TIM2_BKR
	  D:005264H        SYMBOL             TIM2_CCR2L
	  D:005263H        SYMBOL             TIM2_CCR2H
	  D:005263H        SYMBOL             TIM2_CCR2
	  D:005262H        SYMBOL             TIM2_CCR1L
	  D:005261H        SYMBOL             TIM2_CCR1H
	  D:005261H        SYMBOL             TIM2_CCR1
	  D:005260H        SYMBOL             TIM2_ARRL
	  D:00525FH        SYMBOL             TIM2_ARRH
	  D:00525FH        SYMBOL             TIM2_ARR
	  D:00525EH        SYMBOL             TIM2_PSCR
	  D:00525DH        SYMBOL             TIM2_CNTRL
	  D:00525CH        SYMBOL             TIM2_CNTRH
	  D:00525CH        SYMBOL             TIM2_CNTR
	  D:00525BH        SYMBOL             TIM2_CCER1
	  D:00525AH        SYMBOL             TIM2_CCMR2
	  D:005259H        SYMBOL             TIM2_CCMR1
	  D:005258H        SYMBOL             TIM2_EGR
	  D:005257H        SYMBOL             TIM2_SR2
	  D:005256H        SYMBOL             TIM2_SR1
	  D:005255H        SYMBOL             TIM2_IER
	  D:005254H        SYMBOL             TIM2_DER
	  D:005253H        SYMBOL             TIM2_ETR
	  D:005252H        SYMBOL             TIM2_SMCR
	  D:005251H        SYMBOL             TIM2_CR2
	  D:005250H        SYMBOL             TIM2_CR1
	  D:00523AH        SYMBOL             USART1_PSCR
	  D:005239H        SYMBOL             USART1_GTR
	  D:005238H        SYMBOL             USART1_CR5
	  D:005237H        SYMBOL             USART1_CR4
	  D:005236H        SYMBOL             USART1_CR3
	  D:005235H        SYMBOL             USART1_CR2
	  D:005234H        SYMBOL             USART1_CR1
	  D:005233H        SYMBOL             USART1_BRR2
	  D:005232H        SYMBOL             USART1_BRR1
	  D:005231H        SYMBOL             USART1_DR
	  D:005230H        SYMBOL             USART1_SR
	  D:00521EH        SYMBOL             I2C1_PECR
	  D:00521DH        SYMBOL             I2C1_TRISER
	  D:00521CH        SYMBOL             I2C1_CCRH
	  D:00521BH        SYMBOL             I2C1_CCRL
	  D:00521AH        SYMBOL             I2C1_ITR
	  D:005219H        SYMBOL             I2C1_SR3
	  D:005218H        SYMBOL             I2C1_SR2
	  D:005217H        SYMBOL             I2C1_SR1
	  D:005216H        SYMBOL             I2C1_DR
	  D:005214H        SYMBOL             I2C1_OARH
	  D:005213H        SYMBOL             I2C1_OARL
	  D:005212H        SYMBOL             I2C1_FREQR
	  D:005211H        SYMBOL             I2C1_CR2
	  D:005210H        SYMBOL             I2C1_CR1
	  D:005207H        SYMBOL             SPI1_TXCRCR
	  D:005206H        SYMBOL             SPI1_RXCRCR
	  D:005205H        SYMBOL             SPI1_CRCPR
	  D:005204H        SYMBOL             SPI1_DR
	  D:005203H        SYMBOL             SPI1_SR
	  D:005202H        SYMBOL             SPI1_ICR
	  D:005201H        SYMBOL             SPI1_CR2
	  D:005200H        SYMBOL             SPI1_CR1
	  D:00515FH        SYMBOL             RTC_ALRMAR4
	  D:00515EH        SYMBOL             RTC_ALRMAR3
	  D:00515DH        SYMBOL             RTC_ALRMAR2
	  D:00515CH        SYMBOL             RTC_ALRMAR1
	  D:005159H        SYMBOL             RTC_WPR
	  D:005155H        SYMBOL             RTC_WUTRL
	  D:005154H        SYMBOL             RTC_WUTRH
	  D:005154H        SYMBOL             RTC_WUTR
	  D:005152H        SYMBOL             RTC_APRER
	  D:005151H        SYMBOL             RTC_SPRERL
	  D:005150H        SYMBOL             RTC_SPRERH
	  D:005150H        SYMBOL             RTC_SPRER
	  D:00514DH        SYMBOL             RTC_ISR2
	  D:00514CH        SYMBOL             RTC_ISR1
	  D:00514AH        SYMBOL             RTC_CR3
	  D:005149H        SYMBOL             RTC_CR2
	  D:005148H        SYMBOL             RTC_CR1
	  D:005146H        SYMBOL             RTC_DR3
	  D:005145H        SYMBOL             RTC_DR2
	  D:005144H        SYMBOL             RTC_DR1
	  D:005142H        SYMBOL             RTC_TR3
	  D:005141H        SYMBOL             RTC_TR2
	  D:005140H        SYMBOL             RTC_TR1
	  D:0050F3H        SYMBOL             BEEP_CSR2
	  D:0050F0H        SYMBOL             BEEP_CSR1
	  D:0050E2H        SYMBOL             IWDG_RLR
	  D:0050E1H        SYMBOL             IWDG_PR
	  D:0050E0H        SYMBOL             IWDG_KR
	  D:0050D4H        SYMBOL             WWDG_WR
	  D:0050D3H        SYMBOL             WWDG_CR
	  D:0050CFH        SYMBOL             CLK_REGCSR
	  D:0050CEH        SYMBOL             CLK_HSIUNLCKR
	  D:0050CDH        SYMBOL             CLK_HSITRIMR
	  D:0050CCH        SYMBOL             CLK_HSICALR
	  D:0050CBH        SYMBOL             CLK_CBEEPR
	  D:0050CAH        SYMBOL             CLK_CSSR
	  D:0050C9H        SYMBOL             CLK_SWCR
	  D:0050C8H        SYMBOL             CLK_SWR
	  D:0050C7H        SYMBOL             CLK_SCSR
	  D:0050C6H        SYMBOL             CLK_ECKCR
	  D:0050C5H        SYMBOL             CLK_CCOR
	  D:0050C4H        SYMBOL             CLK_PCKENR2
	  D:0050C3H        SYMBOL             CLK_PCKENR1
	  D:0050C2H        SYMBOL             CLK_ICKCR
	  D:0050C1H        SYMBOL             CLK_CRTCR
	  D:0050C0H        SYMBOL             CLK_CKDIVR
	  D:0050B3H        SYMBOL             PWR_CSR2
	  D:0050B2H        SYMBOL             PWR_CSR1
	  D:0050B1H        SYMBOL             RST_SR
	  D:0050B0H        SYMBOL             RST_CR
	  D:0050A8H        SYMBOL             WFE_CR3
	  D:0050A7H        SYMBOL             WFE_CR2
	  D:0050A6H        SYMBOL             WFE_CR1
	  D:0050A5H        SYMBOL             EXTI_CONF
	  D:0050A4H        SYMBOL             EXTI_SR2
	  D:0050A3H        SYMBOL             EXTI_SR1
	  D:0050A2H        SYMBOL             EXTI_CR3
	  D:0050A1H        SYMBOL             EXTI_CR2
	  D:0050A0H        SYMBOL             EXTI_CR1
	  D:00509FH        SYMBOL             SYSCFG_RMPCR2
	  D:00509EH        SYMBOL             SYSCFG_RMPCR1
	  D:00509AH        SYMBOL             DMA1_C3M0ARL
	  D:005099H        SYMBOL             DMA1_C3M0ARH
	  D:005099H        SYMBOL             DMA1_C3M0AR
	  D:005097H        SYMBOL             DMA1_C3PARL_C3M1ARL
	  D:005096H        SYMBOL             DMA1_C3PARH_C3M1ARH
	  D:005096H        SYMBOL             DMA1_C3PAR_C3M1AR
	  D:005095H        SYMBOL             DMA1_C3NDTR
	  D:005094H        SYMBOL             DMA1_C3SPR
	  D:005093H        SYMBOL             DMA1_C3CR
	  D:005090H        SYMBOL             DMA1_C2M0ARL
	  D:00508FH        SYMBOL             DMA1_C2M0ARH
	  D:00508FH        SYMBOL             DMA1_C2M0AR
	  D:00508DH        SYMBOL             DMA1_C2PARL
	  D:00508CH        SYMBOL             DMA1_C2PARH
	  D:00508CH        SYMBOL             DMA1_C2PAR
	  D:00508BH        SYMBOL             DMA1_C2NDTR
	  D:00508AH        SYMBOL             DMA1_C2SPR
	  D:005089H        SYMBOL             DMA1_C2CR
	  D:005086H        SYMBOL             DMA1_C1M0ARL
	  D:005085H        SYMBOL             DMA1_C1M0ARH
	  D:005085H        SYMBOL             DMA1_C1M0AR
	  D:005083H        SYMBOL             DMA1_C1PARL
	  D:005082H        SYMBOL             DMA1_C1PARH
	  D:005082H        SYMBOL             DMA1_C1PAR
	  D:005081H        SYMBOL             DMA1_C1NDTR
	  D:005080H        SYMBOL             DMA1_C1SPR
	  D:00507FH        SYMBOL             DMA1_C1CR
	  D:00507CH        SYMBOL             DMA1_C0M0ARL
	  D:00507BH        SYMBOL             DMA1_C0M0ARH
	  D:00507BH        SYMBOL             DMA1_C0M0AR
	  D:005079H        SYMBOL             DMA1_C0PARL
	  D:005078H        SYMBOL             DMA1_C0PARH
	  D:005078H        SYMBOL             DMA1_C0PAR
	  D:005077H        SYMBOL             DMA1_C0NDTR
	  D:005076H        SYMBOL             DMA1_C0SPR
	  D:005075H        SYMBOL             DMA1_C0CR
	  D:005071H        SYMBOL             DMA1_GIR1
	  D:005070H        SYMBOL             DMA1_GCSR
	  D:005054H        SYMBOL             FLASH_IAPSR
	  D:005053H        SYMBOL             FLASH_DUKR
	  D:005052H        SYMBOL             FLASH_PUKR
	  D:005051H        SYMBOL             FLASH_CR2
	  D:005050H        SYMBOL             FLASH_CR1
	  D:00501DH        SYMBOL             PF_CR2
	  D:00501CH        SYMBOL             PF_CR1
	  D:00501BH        SYMBOL             PF_DDR
	  D:00501AH        SYMBOL             PF_IDR
	  D:005019H        SYMBOL             PF_ODR
	  D:005018H        SYMBOL             PE_CR2
	  D:005017H        SYMBOL             PE_CR1
	  D:005016H        SYMBOL             PE_DDR
	  D:005015H        SYMBOL             PE_IDR
	  D:005014H        SYMBOL             PE_ODR
	  D:005013H        SYMBOL             PD_CR2
	  D:005012H        SYMBOL             PD_CR1
	  D:005011H        SYMBOL             PD_DDR
	  D:005010H        SYMBOL             PD_IDR
	  D:00500FH        SYMBOL             PD_ODR
	  D:00500EH        SYMBOL             PC_CR2
	  D:00500DH        SYMBOL             PC_CR1
	  D:00500CH        SYMBOL             PC_DDR
	  D:00500BH        SYMBOL             PC_IDR
	  D:00500AH        SYMBOL             PC_ODR
	  D:005009H        SYMBOL             PB_CR2
	  D:005008H        SYMBOL             PB_CR1
	  D:005007H        SYMBOL             PB_DDR
	  D:005006H        SYMBOL             PB_IDR
	  D:005005H        SYMBOL             PB_ODR
	  D:005004H        SYMBOL             PA_CR2
	  D:005003H        SYMBOL             PA_CR1
	  D:005002H        SYMBOL             PA_DDR
	  D:005001H        SYMBOL             PA_IDR
	  D:005000H        SYMBOL             PA_ODR
	  T:000000H        SYMBOL             size_t
	  N:000FFEH        SYMBOL             _ICE_DUMMY_
	----------         PROC-ST7           ?PR??ITOA?ITOA
	  S:000005H        SYMBOL             n
	  S:000009H        SYMBOL             s
	  S:000001H        SYMBOL             i
	  S:000003H        SYMBOL             sign
	  C:0089D4H        LINE#              8
	  C:0089D7H        LINE#              12
	  C:0089E0H        LINE#              13
	  C:0089E5H        LINE#              14
	  C:0089EAH        LINE#              16
	  C:008A13H        LINE#              18
	  C:008A18H        LINE#              19
	  C:008A24H        LINE#              20
	  C:008A2CH        LINE#              21
	  C:008A33H        LINE#              22
	----------         ENDPROC-ST7        
	----------         PROC-ST7           ?PR??DWTOA?ITOA
	  S:000005H        SYMBOL             n
	  S:000009H        SYMBOL             s
	  S:000001H        SYMBOL             i
	  C:008AECH        LINE#              24
	  C:008AEDH        LINE#              28
	  C:008AF2H        LINE#              30
	  C:008B2DH        LINE#              33
	  C:008B35H        LINE#              34
	  C:008B3BH        LINE#              35
	----------         ENDPROC-ST7        
	----------         PROC-ST7           ?PR??REVERSE?ITOA
	  S:000006H        SYMBOL             s
	  S:000001H        SYMBOL             i
	  S:000003H        SYMBOL             j
	  S:000005H        SYMBOL             c
	  C:008C6FH        LINE#              38
	  C:008C72H        LINE#              43
	  C:008C87H        LINE#              44
	  C:008C8FH        LINE#              45
	  C:008C9DH        LINE#              46
	  C:008CA5H        LINE#              43
	  C:008CB5H        LINE#              48
	----------         ENDPROC-ST7        
	----------         EndModule-ST7      
	----------         TranslatorMod-ST7  COMMANDS
	  C:008211H        PUBLIC             COMMANDLIST
	  B:00000AH        PUBLIC             Lister
	  B:000009H        PUBLIC             TuneMode
	  D:000051H        PUBLIC             NetAddr
	  D:00004AH        PUBLIC             Command
	  B:000008H        PUBLIC             F_Comm
	  D:000049H        PUBLIC             RxCRC
	  D:000048H        PUBLIC             TxCRC
	  D:000047H        PUBLIC             CRC
	  C:009193H        PUBLIC             ?sendERRresponse
	  C:009189H        PUBLIC             ?sendOKresponse
	  C:008F1FH        PUBLIC             ?sendpacket
	  C:008909H        PUBLIC             ?comp_crc
	  C:008FC4H        PUBLIC             ?compCRC
	  C:008330H        PUBLIC             ?handlecommand
	  C:008DCBH        PUBLIC             ?checkpacket
	  C:008211H        SYMBOL             COMMANDLIST
	  B:00000AH        SYMBOL             Lister
	  B:000009H        SYMBOL             TuneMode
	  D:000051H        SYMBOL             NetAddr
	  D:00004AH        SYMBOL             Command
	  B:000008H        SYMBOL             F_Comm
	  D:000049H        SYMBOL             RxCRC
	  D:000048H        SYMBOL             TxCRC
	  D:000047H        SYMBOL             CRC
	  C:009193H        SYMBOL             ?sendERRresponse
	  C:009189H        SYMBOL             ?sendOKresponse
	  C:008F1FH        SYMBOL             ?sendpacket
	  C:008909H        SYMBOL             ?comp_crc
	  C:008FC4H        SYMBOL             ?compCRC
	  C:008330H        SYMBOL             ?handlecommand
	  C:008DCBH        SYMBOL             ?checkpacket
	  T:000000H        SYMBOL             BYTE
	  T:000000H        SYMBOL             WORD
	  T:000000H        SYMBOL             DWORD
	  T:000000H        SYMBOL             size_t
	  T:000000H        SYMBOL             _fctptr_t
	  D:007F77H        SYMBOL             ITC_SPR8
	  D:007F76H        SYMBOL             ITC_SPR7
	  D:007F75H        SYMBOL             ITC_SPR6
	  D:007F74H        SYMBOL             ITC_SPR5
	  D:007F73H        SYMBOL             ITC_SPR4
	  D:007F72H        SYMBOL             ITC_SPR3
	  D:007F71H        SYMBOL             ITC_SPR2
	  D:007F70H        SYMBOL             ITC_SPR1
	  D:007F60H        SYMBOL             CFG_GCR
	  D:005444H        SYMBOL             COMP_CSR5
	  D:005443H        SYMBOL             COMP_CSR4
	  D:005442H        SYMBOL             COMP_CSR3
	  D:005441H        SYMBOL             COMP_CSR2
	  D:005440H        SYMBOL             COMP_CSR1
	  D:00543FH        SYMBOL             RI_RCR
	  D:00543EH        SYMBOL             RI_ASCR2
	  D:00543DH        SYMBOL             RI_ASCR1
	  D:00543CH        SYMBOL             RI_IOGCR
	  D:00543BH        SYMBOL             RI_IOSR3
	  D:00543AH        SYMBOL             RI_IOSR2
	  D:005439H        SYMBOL             RI_IOSR1
	  D:005438H        SYMBOL             RI_IOCMR3
	  D:005437H        SYMBOL             RI_IOCMR2
	  D:005436H        SYMBOL             RI_IOCMR1
	  D:005435H        SYMBOL             RI_IOIR3
	  D:005434H        SYMBOL             RI_IOIR2
	  D:005433H        SYMBOL             RI_IOIR1
	  D:005432H        SYMBOL             RI_ICR2
	  D:005431H        SYMBOL             RI_ICR1
	  D:0053ADH        SYMBOL             DAC_DORL
	  D:0053ACH        SYMBOL             DAC_DORH
	  D:0053ACH        SYMBOL             DAC_DOR
	  D:005390H        SYMBOL             DAC_DHR8
	  D:00538DH        SYMBOL             DAC_LDHRL
	  D:00538CH        SYMBOL             DAC_LDHRH
	  D:00538CH        SYMBOL             DAC_LDHR
	  D:005389H        SYMBOL             DAC_RDHRL
	  D:005388H        SYMBOL             DAC_RDHRH
	  D:005388H        SYMBOL             DAC_RDHR
	  D:005385H        SYMBOL             DAC_SR
	  D:005384H        SYMBOL             DAC_SWTRIGR
	  D:005381H        SYMBOL             DAC_CR2
	  D:005380H        SYMBOL             DAC_CR1
	  D:005351H        SYMBOL             ADC1_TRIGR4
	  D:005350H        SYMBOL             ADC1_TRIGR3
	  D:00534FH        SYMBOL             ADC1_TRIGR2
	  D:00534EH        SYMBOL             ADC1_TRIGR1
	  D:00534DH        SYMBOL             ADC1_SQR4
	  D:00534CH        SYMBOL             ADC1_SQR3
	  D:00534BH        SYMBOL             ADC1_SQR2
	  D:00534AH        SYMBOL             ADC1_SQR1
	  D:005349H        SYMBOL             ADC1_LTRL
	  D:005348H        SYMBOL             ADC1_LTRH
	  D:005348H        SYMBOL             ADC1_LTR
	  D:005347H        SYMBOL             ADC1_HTRL
	  D:005346H        SYMBOL             ADC1_HTRH
	  D:005346H        SYMBOL             ADC1_HTR
	  D:005345H        SYMBOL             ADC1_DRL
	  D:005344H        SYMBOL             ADC1_DRH
	  D:005344H        SYMBOL             ADC1_DR
	  D:005343H        SYMBOL             ADC1_SR
	  D:005342H        SYMBOL             ADC1_CR3
	  D:005341H        SYMBOL             ADC1_CR2
	  D:005340H        SYMBOL             ADC1_CR1
	  D:0052FFH        SYMBOL             IR_CR
	  D:0052E9H        SYMBOL             TIM4_ARR
	  D:0052E8H        SYMBOL             TIM4_PSCR
	  D:0052E7H        SYMBOL             TIM4_CNTR
	  D:0052E6H        SYMBOL             TIM4_EGR
	  D:0052E5H        SYMBOL             TIM4_SR1
	  D:0052E4H        SYMBOL             TIM4_IER
	  D:0052E3H        SYMBOL             TIM4_DER
	  D:0052E2H        SYMBOL             TIM4_SMCR
	  D:0052E1H        SYMBOL             TIM4_CR2
	  D:0052E0H        SYMBOL             TIM4_CR1
	  D:0052D3H        SYMBOL             TIM1_DMAR
	  D:0052D2H        SYMBOL             TIM1_DCR2
	  D:0052D1H        SYMBOL             TIM1_DCR1
	  D:0052D0H        SYMBOL             TIM1_OISR
	  D:0052CFH        SYMBOL             TIM1_DTR
	  D:0052CEH        SYMBOL             TIM1_BKR
	  D:0052CDH        SYMBOL             TIM1_CCR4L
	  D:0052CCH        SYMBOL             TIM1_CCR4H
	  D:0052CCH        SYMBOL             TIM1_CCR4
	  D:0052CBH        SYMBOL             TIM1_CCR3L
	  D:0052CAH        SYMBOL             TIM1_CCR3H
	  D:0052CAH        SYMBOL             TIM1_CCR3
	  D:0052C9H        SYMBOL             TIM1_CCR2L
	  D:0052C8H        SYMBOL             TIM1_CCR2H
	  D:0052C8H        SYMBOL             TIM1_CCR2
	  D:0052C7H        SYMBOL             TIM1_CCR1L
	  D:0052C6H        SYMBOL             TIM1_CCR1H
	  D:0052C6H        SYMBOL             TIM1_CCR1
	  D:0052C5H        SYMBOL             TIM1_RCR
	  D:0052C4H        SYMBOL             TIM1_ARRL
	  D:0052C3H        SYMBOL             TIM1_ARRH
	  D:0052C3H        SYMBOL             TIM1_ARR
	  D:0052C2H        SYMBOL             TIM1_PSCRL
	  D:0052C1H        SYMBOL             TIM1_PSCRH
	  D:0052C1H        SYMBOL             TIM1_PSCR
	  D:0052C0H        SYMBOL             TIM1_CNTRL
	  D:0052BFH        SYMBOL             TIM1_CNTRH
	  D:0052BFH        SYMBOL             TIM1_CNTR
	  D:0052BEH        SYMBOL             TIM1_CCER2
	  D:0052BDH        SYMBOL             TIM1_CCER1
	  D:0052BCH        SYMBOL             TIM1_CCMR4
	  D:0052BBH        SYMBOL             TIM1_CCMR3
	  D:0052BAH        SYMBOL             TIM1_CCMR2
	  D:0052B9H        SYMBOL             TIM1_CCMR1
	  D:0052B8H        SYMBOL             TIM1_EGR
	  D:0052B7H        SYMBOL             TIM1_SR2
	  D:0052B6H        SYMBOL             TIM1_SR1
	  D:0052B5H        SYMBOL             TIM1_IER
	  D:0052B4H        SYMBOL             TIM1_DER
	  D:0052B3H        SYMBOL             TIM1_ETR
	  D:0052B2H        SYMBOL             TIM1_SMCR
	  D:0052B1H        SYMBOL             TIM1_CR2
	  D:0052B0H        SYMBOL             TIM1_CR1
	  D:005296H        SYMBOL             TIM3_OISR
	  D:005295H        SYMBOL             TIM3_BKR
	  D:005294H        SYMBOL             TIM3_CCR2L
	  D:005293H        SYMBOL             TIM3_CCR2H
	  D:005293H        SYMBOL             TIM3_CCR2
	  D:005292H        SYMBOL             TIM3_CCR1L
	  D:005291H        SYMBOL             TIM3_CCR1H
	  D:005291H        SYMBOL             TIM3_CCR1
	  D:005290H        SYMBOL             TIM3_ARRL
	  D:00528FH        SYMBOL             TIM3_ARRH
	  D:00528FH        SYMBOL             TIM3_ARR
	  D:00528EH        SYMBOL             TIM3_PSCR
	  D:00528DH        SYMBOL             TIM3_CNTRL
	  D:00528CH        SYMBOL             TIM3_CNTRH
	  D:00528CH        SYMBOL             TIM3_CNTR
	  D:00528BH        SYMBOL             TIM3_CCER1
	  D:00528AH        SYMBOL             TIM3_CCMR2
	  D:005289H        SYMBOL             TIM3_CCMR1
	  D:005288H        SYMBOL             TIM3_EGR
	  D:005287H        SYMBOL             TIM3_SR2
	  D:005286H        SYMBOL             TIM3_SR1
	  D:005285H        SYMBOL             TIM3_IER
	  D:005284H        SYMBOL             TIM3_DER
	  D:005283H        SYMBOL             TIM3_ETR
	  D:005282H        SYMBOL             TIM3_SMCR
	  D:005281H        SYMBOL             TIM3_CR2
	  D:005280H        SYMBOL             TIM3_CR1
	  D:005266H        SYMBOL             TIM2_OISR
	  D:005265H        SYMBOL             TIM2_BKR
	  D:005264H        SYMBOL             TIM2_CCR2L
	  D:005263H        SYMBOL             TIM2_CCR2H
	  D:005263H        SYMBOL             TIM2_CCR2
	  D:005262H        SYMBOL             TIM2_CCR1L
	  D:005261H        SYMBOL             TIM2_CCR1H
	  D:005261H        SYMBOL             TIM2_CCR1
	  D:005260H        SYMBOL             TIM2_ARRL
	  D:00525FH        SYMBOL             TIM2_ARRH
	  D:00525FH        SYMBOL             TIM2_ARR
	  D:00525EH        SYMBOL             TIM2_PSCR
	  D:00525DH        SYMBOL             TIM2_CNTRL
	  D:00525CH        SYMBOL             TIM2_CNTRH
	  D:00525CH        SYMBOL             TIM2_CNTR
	  D:00525BH        SYMBOL             TIM2_CCER1
	  D:00525AH        SYMBOL             TIM2_CCMR2
	  D:005259H        SYMBOL             TIM2_CCMR1
	  D:005258H        SYMBOL             TIM2_EGR
	  D:005257H        SYMBOL             TIM2_SR2
	  D:005256H        SYMBOL             TIM2_SR1
	  D:005255H        SYMBOL             TIM2_IER
	  D:005254H        SYMBOL             TIM2_DER
	  D:005253H        SYMBOL             TIM2_ETR
	  D:005252H        SYMBOL             TIM2_SMCR
	  D:005251H        SYMBOL             TIM2_CR2
	  D:005250H        SYMBOL             TIM2_CR1
	  D:00523AH        SYMBOL             USART1_PSCR
	  D:005239H        SYMBOL             USART1_GTR
	  D:005238H        SYMBOL             USART1_CR5
	  D:005237H        SYMBOL             USART1_CR4
	  D:005236H        SYMBOL             USART1_CR3
	  D:005235H        SYMBOL             USART1_CR2
	  D:005234H        SYMBOL             USART1_CR1
	  D:005233H        SYMBOL             USART1_BRR2
	  D:005232H        SYMBOL             USART1_BRR1
	  D:005231H        SYMBOL             USART1_DR
	  D:005230H        SYMBOL             USART1_SR
	  D:00521EH        SYMBOL             I2C1_PECR
	  D:00521DH        SYMBOL             I2C1_TRISER
	  D:00521CH        SYMBOL             I2C1_CCRH
	  D:00521BH        SYMBOL             I2C1_CCRL
	  D:00521AH        SYMBOL             I2C1_ITR
	  D:005219H        SYMBOL             I2C1_SR3
	  D:005218H        SYMBOL             I2C1_SR2
	  D:005217H        SYMBOL             I2C1_SR1
	  D:005216H        SYMBOL             I2C1_DR
	  D:005214H        SYMBOL             I2C1_OARH
	  D:005213H        SYMBOL             I2C1_OARL
	  D:005212H        SYMBOL             I2C1_FREQR
	  D:005211H        SYMBOL             I2C1_CR2
	  D:005210H        SYMBOL             I2C1_CR1
	  D:005207H        SYMBOL             SPI1_TXCRCR
	  D:005206H        SYMBOL             SPI1_RXCRCR
	  D:005205H        SYMBOL             SPI1_CRCPR
	  D:005204H        SYMBOL             SPI1_DR
	  D:005203H        SYMBOL             SPI1_SR
	  D:005202H        SYMBOL             SPI1_ICR
	  D:005201H        SYMBOL             SPI1_CR2
	  D:005200H        SYMBOL             SPI1_CR1
	  D:00515FH        SYMBOL             RTC_ALRMAR4
	  D:00515EH        SYMBOL             RTC_ALRMAR3
	  D:00515DH        SYMBOL             RTC_ALRMAR2
	  D:00515CH        SYMBOL             RTC_ALRMAR1
	  D:005159H        SYMBOL             RTC_WPR
	  D:005155H        SYMBOL             RTC_WUTRL
	  D:005154H        SYMBOL             RTC_WUTRH
	  D:005154H        SYMBOL             RTC_WUTR
	  D:005152H        SYMBOL             RTC_APRER
	  D:005151H        SYMBOL             RTC_SPRERL
	  D:005150H        SYMBOL             RTC_SPRERH
	  D:005150H        SYMBOL             RTC_SPRER
	  D:00514DH        SYMBOL             RTC_ISR2
	  D:00514CH        SYMBOL             RTC_ISR1
	  D:00514AH        SYMBOL             RTC_CR3
	  D:005149H        SYMBOL             RTC_CR2
	  D:005148H        SYMBOL             RTC_CR1
	  D:005146H        SYMBOL             RTC_DR3
	  D:005145H        SYMBOL             RTC_DR2
	  D:005144H        SYMBOL             RTC_DR1
	  D:005142H        SYMBOL             RTC_TR3
	  D:005141H        SYMBOL             RTC_TR2
	  D:005140H        SYMBOL             RTC_TR1
	  D:0050F3H        SYMBOL             BEEP_CSR2
	  D:0050F0H        SYMBOL             BEEP_CSR1
	  D:0050E2H        SYMBOL             IWDG_RLR
	  D:0050E1H        SYMBOL             IWDG_PR
	  D:0050E0H        SYMBOL             IWDG_KR
	  D:0050D4H        SYMBOL             WWDG_WR
	  D:0050D3H        SYMBOL             WWDG_CR
	  D:0050CFH        SYMBOL             CLK_REGCSR
	  D:0050CEH        SYMBOL             CLK_HSIUNLCKR
	  D:0050CDH        SYMBOL             CLK_HSITRIMR
	  D:0050CCH        SYMBOL             CLK_HSICALR
	  D:0050CBH        SYMBOL             CLK_CBEEPR
	  D:0050CAH        SYMBOL             CLK_CSSR
	  D:0050C9H        SYMBOL             CLK_SWCR
	  D:0050C8H        SYMBOL             CLK_SWR
	  D:0050C7H        SYMBOL             CLK_SCSR
	  D:0050C6H        SYMBOL             CLK_ECKCR
	  D:0050C5H        SYMBOL             CLK_CCOR
	  D:0050C4H        SYMBOL             CLK_PCKENR2
	  D:0050C3H        SYMBOL             CLK_PCKENR1
	  D:0050C2H        SYMBOL             CLK_ICKCR
	  D:0050C1H        SYMBOL             CLK_CRTCR
	  D:0050C0H        SYMBOL             CLK_CKDIVR
	  D:0050B3H        SYMBOL             PWR_CSR2
	  D:0050B2H        SYMBOL             PWR_CSR1
	  D:0050B1H        SYMBOL             RST_SR
	  D:0050B0H        SYMBOL             RST_CR
	  D:0050A8H        SYMBOL             WFE_CR3
	  D:0050A7H        SYMBOL             WFE_CR2
	  D:0050A6H        SYMBOL             WFE_CR1
	  D:0050A5H        SYMBOL             EXTI_CONF
	  D:0050A4H        SYMBOL             EXTI_SR2
	  D:0050A3H        SYMBOL             EXTI_SR1
	  D:0050A2H        SYMBOL             EXTI_CR3
	  D:0050A1H        SYMBOL             EXTI_CR2
	  D:0050A0H        SYMBOL             EXTI_CR1
	  D:00509FH        SYMBOL             SYSCFG_RMPCR2
	  D:00509EH        SYMBOL             SYSCFG_RMPCR1
	  D:00509AH        SYMBOL             DMA1_C3M0ARL
	  D:005099H        SYMBOL             DMA1_C3M0ARH
	  D:005099H        SYMBOL             DMA1_C3M0AR
	  D:005097H        SYMBOL             DMA1_C3PARL_C3M1ARL
	  D:005096H        SYMBOL             DMA1_C3PARH_C3M1ARH
	  D:005096H        SYMBOL             DMA1_C3PAR_C3M1AR
	  D:005095H        SYMBOL             DMA1_C3NDTR
	  D:005094H        SYMBOL             DMA1_C3SPR
	  D:005093H        SYMBOL             DMA1_C3CR
	  D:005090H        SYMBOL             DMA1_C2M0ARL
	  D:00508FH        SYMBOL             DMA1_C2M0ARH
	  D:00508FH        SYMBOL             DMA1_C2M0AR
	  D:00508DH        SYMBOL             DMA1_C2PARL
	  D:00508CH        SYMBOL             DMA1_C2PARH
	  D:00508CH        SYMBOL             DMA1_C2PAR
	  D:00508BH        SYMBOL             DMA1_C2NDTR
	  D:00508AH        SYMBOL             DMA1_C2SPR
	  D:005089H        SYMBOL             DMA1_C2CR
	  D:005086H        SYMBOL             DMA1_C1M0ARL
	  D:005085H        SYMBOL             DMA1_C1M0ARH
	  D:005085H        SYMBOL             DMA1_C1M0AR
	  D:005083H        SYMBOL             DMA1_C1PARL
	  D:005082H        SYMBOL             DMA1_C1PARH
	  D:005082H        SYMBOL             DMA1_C1PAR
	  D:005081H        SYMBOL             DMA1_C1NDTR
	  D:005080H        SYMBOL             DMA1_C1SPR
	  D:00507FH        SYMBOL             DMA1_C1CR
	  D:00507CH        SYMBOL             DMA1_C0M0ARL
	  D:00507BH        SYMBOL             DMA1_C0M0ARH
	  D:00507BH        SYMBOL             DMA1_C0M0AR
	  D:005079H        SYMBOL             DMA1_C0PARL
	  D:005078H        SYMBOL             DMA1_C0PARH
	  D:005078H        SYMBOL             DMA1_C0PAR
	  D:005077H        SYMBOL             DMA1_C0NDTR
	  D:005076H        SYMBOL             DMA1_C0SPR
	  D:005075H        SYMBOL             DMA1_C0CR
	  D:005071H        SYMBOL             DMA1_GIR1
	  D:005070H        SYMBOL             DMA1_GCSR
	  D:005054H        SYMBOL             FLASH_IAPSR
	  D:005053H        SYMBOL             FLASH_DUKR
	  D:005052H        SYMBOL             FLASH_PUKR
	  D:005051H        SYMBOL             FLASH_CR2
	  D:005050H        SYMBOL             FLASH_CR1
	  D:00501DH        SYMBOL             PF_CR2
	  D:00501CH        SYMBOL             PF_CR1
	  D:00501BH        SYMBOL             PF_DDR
	  D:00501AH        SYMBOL             PF_IDR
	  D:005019H        SYMBOL             PF_ODR
	  D:005018H        SYMBOL             PE_CR2
	  D:005017H        SYMBOL             PE_CR1
	  D:005016H        SYMBOL             PE_DDR
	  D:005015H        SYMBOL             PE_IDR
	  D:005014H        SYMBOL             PE_ODR
	  D:005013H        SYMBOL             PD_CR2
	  D:005012H        SYMBOL             PD_CR1
	  D:005011H        SYMBOL             PD_DDR
	  D:005010H        SYMBOL             PD_IDR
	  D:00500FH        SYMBOL             PD_ODR
	  D:00500EH        SYMBOL             PC_CR2
	  D:00500DH        SYMBOL             PC_CR1
	  D:00500CH        SYMBOL             PC_DDR
	  D:00500BH        SYMBOL             PC_IDR
	  D:00500AH        SYMBOL             PC_ODR
	  D:005009H        SYMBOL             PB_CR2
	  D:005008H        SYMBOL             PB_CR1
	  D:005007H        SYMBOL             PB_DDR
	  D:005006H        SYMBOL             PB_IDR
	  D:005005H        SYMBOL             PB_ODR
	  D:005004H        SYMBOL             PA_CR2
	  D:005003H        SYMBOL             PA_CR1
	  D:005002H        SYMBOL             PA_DDR
	  D:005001H        SYMBOL             PA_IDR
	  D:005000H        SYMBOL             PA_ODR
	  N:000FFEH        SYMBOL             _ICE_DUMMY_
	----------         PROC-ST7           ?PR??COMPCRC?COMMANDS
	  S:000002H        SYMBOL             crcCount
	  S:000001H        SYMBOL             i
	  C:008FC4H        LINE#              41
	  C:008FC6H        LINE#              44
	  C:008FCAH        LINE#              45
	  C:008FD4H        LINE#              47
	  C:008FDEH        LINE#              48
	  C:008FE1H        LINE#              45
	  C:008FE8H        LINE#              51
	----------         ENDPROC-ST7        
	----------         PROC-ST7           ?PR??COMP_CRC?COMMANDS
	  S:000002H        SYMBOL             b
	  S:000001H        SYMBOL             j
	  C:008909H        LINE#              54
	  C:00890BH        LINE#              57
	  C:008915H        LINE#              59
	  C:008936H        LINE#              61
	  C:008957H        LINE#              65
	  C:00895FH        LINE#              67
	  C:008968H        LINE#              57
	  C:00896FH        LINE#              69
	----------         ENDPROC-ST7        
	----------         PROC-ST7           ?PR??CHECKPACKET?COMMANDS
	  S:000002H        SYMBOL             packlen
	  S:000001H        SYMBOL             i
	  C:008DCBH        LINE#              71
	  C:008DCDH        LINE#              75
	  C:008DD1H        LINE#              76
	  C:008DDBH        LINE#              78
	  C:008DE5H        LINE#              79
	  C:008DE8H        LINE#              76
	  C:008DEEH        LINE#              81
	  C:008DF9H        LINE#              83
	  C:008DFDH        LINE#              84
	  C:008E04H        LINE#              86
	  C:008E08H        LINE#              88
	----------         ENDPROC-ST7        
	----------         PROC-ST7           ?PR??HANDLECOMMAND?COMMANDS
	  C:008330H        LINE#              90
	  C:008332H        LINE#              92
	  C:008336H        LINE#              93
	  C:00833AH        LINE#              95
	  C:00835BH        LINE#              179
	  C:00835EH        LINE#              98
	  C:008363H        LINE#              99
	  C:008373H        LINE#              100
	  C:008383H        LINE#              101
	  C:008393H        LINE#              102
	  C:008398H        LINE#              103
	  C:0083A8H        LINE#              104
	  C:0083B8H        LINE#              105
	  C:0083C8H        LINE#              106
	  C:0083CDH        LINE#              107
	  C:0083D0H        LINE#              110
	  C:0083D5H        LINE#              111
	  C:0083DDH        LINE#              112
	  C:0083E2H        LINE#              113
	  C:0083EAH        LINE#              114
	  C:0083EFH        LINE#              115
	  S:000009H        SYMBOL             t1
	  S:000005H        SYMBOL             t2
	  S:000001H        SYMBOL             t3
	  C:0083F2H        LINE#              120
	  C:0083F5H        LINE#              123
	  C:008415H        LINE#              124
	  C:008421H        LINE#              125
	  C:00843CH        LINE#              126
	  C:00844CH        LINE#              128
	  C:008456H        LINE#              129
	  C:00846FH        LINE#              131
	  C:00847BH        LINE#              132
	  C:00847FH        LINE#              133
	  C:00848CH        LINE#              134
	  C:008491H        LINE#              135
	  C:008496H        LINE#              136
	  C:008499H        LINE#              137
	  C:00849CH        LINE#              138
	  C:00849FH        LINE#              139
	  C:0084A4H        LINE#              141
	  C:0084A9H        LINE#              142
	  C:0084ACH        LINE#              143
	  C:0084AFH        LINE#              147
	  C:0084B4H        LINE#              148
	  C:0084C4H        LINE#              149
[...]
	  D:0050B0H        SYMBOL             RST_CR
	  D:0050A8H        SYMBOL             WFE_CR3
	  D:0050A7H        SYMBOL             WFE_CR2
	  D:0050A6H        SYMBOL             WFE_CR1
	  D:0050A5H        SYMBOL             EXTI_CONF
	  D:0050A4H        SYMBOL             EXTI_SR2
	  D:0050A3H        SYMBOL             EXTI_SR1
	  D:0050A2H        SYMBOL             EXTI_CR3
	  D:0050A1H        SYMBOL             EXTI_CR2
	  D:0050A0H        SYMBOL             EXTI_CR1
	  D:00509FH        SYMBOL             SYSCFG_RMPCR2
	  D:00509EH        SYMBOL             SYSCFG_RMPCR1
	  D:00509AH        SYMBOL             DMA1_C3M0ARL
	  D:005099H        SYMBOL             DMA1_C3M0ARH
	  D:005099H        SYMBOL             DMA1_C3M0AR
	  D:005097H        SYMBOL             DMA1_C3PARL_C3M1ARL
	  D:005096H        SYMBOL             DMA1_C3PARH_C3M1ARH
	  D:005096H        SYMBOL             DMA1_C3PAR_C3M1AR
	  D:005095H        SYMBOL             DMA1_C3NDTR
	  D:005094H        SYMBOL             DMA1_C3SPR
	  D:005093H        SYMBOL             DMA1_C3CR
	  D:005090H        SYMBOL             DMA1_C2M0ARL
	  D:00508FH        SYMBOL             DMA1_C2M0ARH
	  D:00508FH        SYMBOL             DMA1_C2M0AR
	  D:00508DH        SYMBOL             DMA1_C2PARL
	  D:00508CH        SYMBOL             DMA1_C2PARH
	  D:00508CH        SYMBOL             DMA1_C2PAR
	  D:00508BH        SYMBOL             DMA1_C2NDTR
	  D:00508AH        SYMBOL             DMA1_C2SPR
	  D:005089H        SYMBOL             DMA1_C2CR
	  D:005086H        SYMBOL             DMA1_C1M0ARL
	  D:005085H        SYMBOL             DMA1_C1M0ARH
	  D:005085H        SYMBOL             DMA1_C1M0AR
	  D:005083H        SYMBOL             DMA1_C1PARL
	  D:005082H        SYMBOL             DMA1_C1PARH
	  D:005082H        SYMBOL             DMA1_C1PAR
	  D:005081H        SYMBOL             DMA1_C1NDTR
	  D:005080H        SYMBOL             DMA1_C1SPR
	  D:00507FH        SYMBOL             DMA1_C1CR
	  D:00507CH        SYMBOL             DMA1_C0M0ARL
	  D:00507BH        SYMBOL             DMA1_C0M0ARH
	  D:00507BH        SYMBOL             DMA1_C0M0AR
	  D:005079H        SYMBOL             DMA1_C0PARL
	  D:005078H        SYMBOL             DMA1_C0PARH
	  D:005078H        SYMBOL             DMA1_C0PAR
	  D:005077H        SYMBOL             DMA1_C0NDTR
	  D:005076H        SYMBOL             DMA1_C0SPR
	  D:005075H        SYMBOL             DMA1_C0CR
	  D:005071H        SYMBOL             DMA1_GIR1
	  D:005070H        SYMBOL             DMA1_GCSR
	  D:005054H        SYMBOL             FLASH_IAPSR
	  D:005053H        SYMBOL             FLASH_DUKR
	  D:005052H        SYMBOL             FLASH_PUKR
	  D:005051H        SYMBOL             FLASH_CR2
	  D:005050H        SYMBOL             FLASH_CR1
	  D:00501DH        SYMBOL             PF_CR2
	  D:00501CH        SYMBOL             PF_CR1
	  D:00501BH        SYMBOL             PF_DDR
	  D:00501AH        SYMBOL             PF_IDR
	  D:005019H        SYMBOL             PF_ODR
	  D:005018H        SYMBOL             PE_CR2
	  D:005017H        SYMBOL             PE_CR1
	  D:005016H        SYMBOL             PE_DDR
	  D:005015H        SYMBOL             PE_IDR
	  D:005014H        SYMBOL             PE_ODR
	  D:005013H        SYMBOL             PD_CR2
	  D:005012H        SYMBOL             PD_CR1
	  D:005011H        SYMBOL             PD_DDR
	  D:005010H        SYMBOL             PD_IDR
	  D:00500FH        SYMBOL             PD_ODR
	  D:00500EH        SYMBOL             PC_CR2
	  D:00500DH        SYMBOL             PC_CR1
	  D:00500CH        SYMBOL             PC_DDR
	  D:00500BH        SYMBOL             PC_IDR
	  D:00500AH        SYMBOL             PC_ODR
	  D:005009H        SYMBOL             PB_CR2
	  D:005008H        SYMBOL             PB_CR1
	  D:005007H        SYMBOL             PB_DDR
	  D:005006H        SYMBOL             PB_IDR
	  D:005005H        SYMBOL             PB_ODR
	  D:005004H        SYMBOL             PA_CR2
	  D:005003H        SYMBOL             PA_CR1
	  D:005002H        SYMBOL             PA_DDR
	  D:005001H        SYMBOL             PA_IDR
	  D:005000H        SYMBOL             PA_ODR
	  N:000FFEH        SYMBOL             _ICE_DUMMY_
	----------         PROC-ST7           ?PR??INITUART?UART
	  C:008EC0H        LINE#              31
	  C:008EC0H        LINE#              33
	  C:008EC4H        LINE#              34
	  C:008EC8H        LINE#              35
	  C:008ECCH        LINE#              36
	  C:008ED0H        LINE#              37
	  C:008ED4H        LINE#              38
	  C:008ED8H        LINE#              39
	  C:008EDCH        LINE#              40
	  C:008EE0H        LINE#              41
	  C:008EE4H        LINE#              42
	  C:008EE8H        LINE#              43
	  C:008EEBH        LINE#              44
	  C:008EEFH        LINE#              45
	----------         ENDPROC-ST7        
	----------         PROC-ST7           ?PR??PUTSTR?UART
	  S:000002H        SYMBOL             Addr
	  S:000001H        SYMBOL             i
	  C:008E84H        LINE#              48
	  C:008E86H        LINE#              50
	  C:008E8AH        LINE#              51
	  C:008E8FH        LINE#              53
	  C:008E9BH        LINE#              54
	  C:008E9DH        LINE#              55
	  C:008EA4H        LINE#              59
	  C:008EADH        LINE#              60
	  C:008EAFH        LINE#              61
	  C:008EB8H        LINE#              62
	  C:008EBFH        LINE#              63
	----------         ENDPROC-ST7        
	----------         PROC-ST7           ?PR??PUTPACK?UART
	  S:000001H        SYMBOL             c
	  C:0090ECH        LINE#              66
	  C:0090EDH        LINE#              67
	  C:0090F2H        LINE#              68
	  C:0090F6H        LINE#              69
	  C:0090FBH        LINE#              71
	  C:009100H        LINE#              72
	  C:009105H        LINE#              73
	----------         ENDPROC-ST7        
	----------         PROC-ST7           ?PR??CLEARRXBUFF?UART
	  C:009139H        LINE#              77
	  C:009139H        LINE#              80
	  C:00913DH        LINE#              81
	  C:009141H        LINE#              82
	  C:009145H        LINE#              83
	  C:009149H        LINE#              84
	----------         ENDPROC-ST7        
	----------         PROC-ST7           ?PR??USART1_TX_INTERRUPT?UART
	  C:008EF0H        LINE#              87
	  C:008EF0H        LINE#              90
	  C:008EF5H        LINE#              91
	  C:008EF9H        LINE#              92
	  C:008F01H        LINE#              94
	  C:008F05H        LINE#              95
	  C:008F12H        LINE#              99
	  C:008F16H        LINE#              100
	  C:008F1AH        LINE#              102
	  C:008F1EH        LINE#              106
	----------         ENDPROC-ST7        
	----------         PROC-ST7           ?PR??USART1_RX_INTERRUPT?UART
	  C:008B3CH        LINE#              107
	  C:008B42H        LINE#              111
	  C:008B47H        LINE#              114
	  C:008B4BH        LINE#              115
	  C:008B52H        LINE#              116
	  C:008B69H        LINE#              119
	  C:008B6CH        LINE#              120
	  C:008B6EH        LINE#              123
	  C:008B71H        LINE#              124
	  C:008B73H        LINE#              127
	  C:008B76H        LINE#              128
	  C:008B78H        LINE#              131
	  C:008B7BH        LINE#              132
	  C:008B7DH        LINE#              135
	  C:008B7FH        LINE#              138
	  C:008B82H        LINE#              139
	  C:008B8AH        LINE#              143
	----------         ENDPROC-ST7        
	----------         PROC-ST7           ?PR??REC_PREF?UART
	  C:0090B1H        LINE#              145
	  C:0090B1H        LINE#              150
	  C:0090B7H        LINE#              152
	  C:0090C1H        LINE#              153
	  C:0090C5H        LINE#              154
	  C:0090CBH        LINE#              157
	  C:0090CEH        LINE#              160
	----------         ENDPROC-ST7        
	----------         PROC-ST7           ?PR??REC_ADDR?UART
	  C:008B8BH        LINE#              164
	  C:008B8BH        LINE#              166
	  C:008BA2H        LINE#              168
	  C:008BACH        LINE#              169
	  C:008BB0H        LINE#              170
	  C:008BB6H        LINE#              174
	  C:008BBCH        LINE#              176
	  C:008BC0H        LINE#              177
	  C:008BCAH        LINE#              178
	  C:008BCEH        LINE#              179
	  C:008BD4H        LINE#              182
	  C:008BD7H        LINE#              185
	----------         ENDPROC-ST7        
	----------         PROC-ST7           ?PR??REC_COMMAND?UART
	  S:000001H        SYMBOL             i
	  C:008A34H        LINE#              188
	  C:008A35H        LINE#              192
	  C:008A39H        LINE#              193
	  C:008A44H        LINE#              195
	  C:008A4FH        LINE#              197
	  C:008A5CH        LINE#              198
	  C:008A62H        LINE#              199
	  C:008A6CH        LINE#              200
	  C:008A70H        LINE#              201
	  C:008A74H        LINE#              202
	  C:008A76H        LINE#              204
	  C:008A82H        LINE#              207
	  C:008A88H        LINE#              210
	  C:008A8CH        LINE#              211
	  C:008A90H        LINE#              215
	----------         ENDPROC-ST7        
	----------         PROC-ST7           ?PR??REC_PARAM?UART
	  C:009092H        LINE#              219
	  C:009092H        LINE#              221
	  C:00909CH        LINE#              222
	  C:0090A0H        LINE#              223
	  C:0090A2H        LINE#              224
	  C:0090A6H        LINE#              226
	  C:0090AAH        LINE#              227
	  C:0090B0H        LINE#              230
	----------         ENDPROC-ST7        
	----------         PROC-ST7           ?PR??NOCOMMAND?UART
	  C:00914AH        LINE#              232
	  C:00914AH        LINE#              234
	  C:00914EH        LINE#              235
	  C:009152H        LINE#              236
	  C:009156H        LINE#              237
	  C:009159H        LINE#              238
	----------         ENDPROC-ST7        
	----------         EndModule-ST7      
	----------         TranslatorMod-ST7  CHARTOL
	  C:00800CH        PUBLIC             ?C?uchartol
	  C:008004H        PUBLIC             ?C?chartol
	----------         PROC-ST7           
	----------         ENDPROC-ST7        
	----------         EndModule-ST7      
	----------         TranslatorMod-ST7  ACCIX328
	  C:00821DH        PUBLIC             ?C?accix328
	----------         PROC-ST7           
	----------         ENDPROC-ST7        
	----------         EndModule-ST7      
	----------         TranslatorMod-ST7  ADD3232
	  C:008263H        PUBLIC             ?C?add3232
	----------         PROC-ST7           
	----------         ENDPROC-ST7        
	----------         EndModule-ST7      
	----------         TranslatorMod-ST7  DIVS1616
	  C:0081ECH        PUBLIC             ?C?divs1616
	----------         PROC-ST7           
	----------         ENDPROC-ST7        
	----------         EndModule-ST7      
	----------         TranslatorMod-ST7  DIVU3232
	  C:00810AH        PUBLIC             ?C?modu3232
	  C:008115H        PUBLIC             _?divu3216?
	  C:00810EH        PUBLIC             ?C?divu3232
	----------         PROC-ST7           
	----------         ENDPROC-ST7        
	----------         EndModule-ST7      
	----------         TranslatorMod-ST7  MULUIX32
	  C:008060H        PUBLIC             ?C?muluix32
	----------         PROC-ST7           
	----------         ENDPROC-ST7        
	----------         EndModule-ST7      
	----------         TranslatorMod-ST7  IX32
	  C:008066H        PUBLIC             _?lix_entry?
	----------         PROC-ST7           
	----------         ENDPROC-ST7        
	----------         EndModule-ST7      
	----------         TranslatorMod-ST7  MULU3232
	  C:00807CH        PUBLIC             ?C?mulu3232
	----------         PROC-ST7           
	----------         ENDPROC-ST7        
	----------         EndModule-ST7      
	----------         TranslatorMod-ST7  MV4_BC2ISA
	  C:008235H        PUBLIC             ?C?mv4_bc2isa
	----------         PROC-ST7           
	----------         ENDPROC-ST7        
	----------         EndModule-ST7      
	----------         TranslatorMod-ST7  MV4_BC2IX
	  C:0082F8H        PUBLIC             ?C?mv4_bc2ix
	----------         PROC-ST7           
	----------         ENDPROC-ST7        
	----------         EndModule-ST7      
	----------         TranslatorMod-ST7  MV4_BC2SK
	  C:0082B4H        PUBLIC             ?C?mv4_bc2sk
	----------         PROC-ST7           
	----------         ENDPROC-ST7        
	----------         EndModule-ST7      
	----------         TranslatorMod-ST7  MV4_ISA2BC
	  C:00824CH        PUBLIC             ?C?mv4_isa2bc
	----------         PROC-ST7           
	----------         ENDPROC-ST7        
	----------         EndModule-ST7      
	----------         TranslatorMod-ST7  MV4_IX2BC
	  C:008305H        PUBLIC             ?C?mv4_ix2bc
	----------         PROC-ST7           
	----------         ENDPROC-ST7        
	----------         EndModule-ST7      
	----------         TranslatorMod-ST7  MV4_IX2SK
	  C:008278H        PUBLIC             ?C?mv4_ix2sk
	----------         PROC-ST7           
	----------         ENDPROC-ST7        
	----------         EndModule-ST7      
	----------         TranslatorMod-ST7  MV4_NULL2BC
	  C:00831EH        PUBLIC             ?C?mv4_null2bc
	----------         PROC-ST7           
	----------         ENDPROC-ST7        
	----------         EndModule-ST7      
	----------         TranslatorMod-ST7  MV4_PG2BC
	  C:0082A2H        PUBLIC             ?C?mv4_pg2bc
	----------         PROC-ST7           
	----------         ENDPROC-ST7        
	----------         EndModule-ST7      
	----------         TranslatorMod-ST7  MV4_PG2IX1
	  C:0082DCH        PUBLIC             ?C?mv4_pg2ix1
	  C:0082D9H        PUBLIC             ?C?mv4_pg2bc1
	----------         PROC-ST7           
	----------         ENDPROC-ST7        
	----------         EndModule-ST7      
	----------         TranslatorMod-ST7  MV4_PG2SK1
	  C:008327H        PUBLIC             ?C?mv4_pg2sk1
	----------         PROC-ST7           
	----------         ENDPROC-ST7        
	----------         EndModule-ST7      
	----------         TranslatorMod-ST7  SLL168
	  C:0082C8H        PUBLIC             ?C?sll168
	----------         PROC-ST7           
	----------         ENDPROC-ST7        
	----------         EndModule-ST7      
	----------         TranslatorMod-ST7  SLL328
	  C:0081B8H        PUBLIC             ?C?sll328
	----------         PROC-ST7           
	----------         ENDPROC-ST7        
	----------         EndModule-ST7      
	----------         TranslatorMod-ST7  SRL328
	  C:0081D2H        PUBLIC             ?C?srl328
	----------         PROC-ST7           
	----------         ENDPROC-ST7        
	----------         EndModule-ST7      
	----------         TranslatorMod-ST7  SWAPSKBC
	  C:00817EH        PUBLIC             ?C?swap_skbc
	----------         PROC-ST7           
	----------         ENDPROC-ST7        
	----------         EndModule-ST7      
	----------         TranslatorMod-ST7  CPU3232IX
	  C:008312H        PUBLIC             ?C?cpu3232ix
	----------         PROC-ST7           
	----------         ENDPROC-ST7        
	----------         EndModule-ST7      
	----------         TranslatorMod-ST7  REGISTERS
	  D:00004DH        PUBLIC             ?BH
	  D:00004FH        PUBLIC             ?CH
	  D:00004EH        PUBLIC             ?BL
	  D:000050H        PUBLIC             ?CL
	----------         EndModule-ST7      
	----------         TranslatorMod-ST7  STARTUP_V_Z
	  C:00801CH        PUBLIC             CST7_START_V_Z
	----------         PROC-ST7           
	----------         ENDPROC-ST7        
	----------         PROC-ST7           
	----------         ENDPROC-ST7        
	----------         PROC-ST7           
	----------         ENDPROC-ST7        
	----------         PROC-ST7           
	----------         ENDPROC-ST7        
	----------         EndModule-ST7      
	----------         TranslatorMod-ST7  STRCAT
	  C:00828DH        PUBLIC             ?strcat
	----------         PROC-ST7           
	----------         ENDPROC-ST7        
	----------         EndModule-ST7      
	----------         TranslatorMod-ST7  STRCPY
	  C:0081A0H        PUBLIC             ?strcpy
	  C:00819DH        PUBLIC             ?sprintf0
	----------         PROC-ST7           
	----------         ENDPROC-ST7        
	----------         EndModule-ST7      
	----------         TranslatorMod-ST7  STRLEN
	  C:0082EBH        PUBLIC             ?strlen
	----------         PROC-ST7           
	----------         ENDPROC-ST7        
	----------         EndModule-ST7      
	----------         TranslatorMod-ST7  ?STATINIT
	  C:009172H        PUBLIC             ?C_INITSEGSTART
	----------         PROC-ST7           
	----------         ENDPROC-ST7        
	----------         EndModule-ST7      

================================================================================
PROJECT CALL TREE FOR DEBUG\DAC.AOF(RTC)
--------------------------------------------------------------------------------
 *** means CALL
 ... means JMP
  KC means 'Known local stack consumption'.
  TO means 'Total stack consumption from the entry point'.
 Remarks:
     1. Values are in HEXADECIMAL format.
     2. SP can be modified by temporary 'PUSH-POP' sequences.
     3. SP is computed starting from its 'original value' for interrupt/trap..
 Displayed stack consumption may be under estimated.
 The real value depends on interrupt priorities. It can be checked
 using the dynamic analysis in the simulator environment.
--------------------------------------------------------------------------------
Initial SP: 07FF
--------------------------------------------------------------------------------
?RTC_irq..................................................SP=07F8 KC=000 TO=0007
--------------------------------------------------------------------------------
?TIM2OVF_ISR..............................................SP=07F8 KC=000 TO=0007
--------------------------------------------------------------------------------
?TIM3OVF_ISR..............................................SP=07F8 KC=000 TO=0007
    |***?Pulse_Set [GPIO].................................SP=07F5 KC=001 TO=000A
    |***?CheckCmp [GPIO]..................................SP=07F6 KC=000 TO=0009
--------------------------------------------------------------------------------
?USART1_TX_Interrupt......................................SP=07F8 KC=000 TO=0007
--------------------------------------------------------------------------------
?USART1_RX_Interrupt......................................SP=07F8 KC=000 TO=0007
    |***?nocommand [UART].................................SP=07F6 KC=000 TO=0009
    |   |***?clearRxBuff [UART]...........................SP=07F4 KC=000 TO=000B
    |***?rec_param [UART].................................SP=07F6 KC=000 TO=0009
    |***?rec_command [UART]...............................SP=07F5 KC=001 TO=000A
    |   |***?clearRxBuff [UART]...........................SP=07F3 KC=000 TO=000C
    |***?rec_addr [UART]..................................SP=07F6 KC=000 TO=0009
    |***?rec_pref [UART]..................................SP=07F6 KC=000 TO=0009
================================================================================

MAX STACK LEVEL : 3
-------------------


----------------------
SUGGESTED OPTIMIZATION
----------------------
Warning: 162 (A2H) data bytes in the range [00H-FFH] are available for storage.
         Consider using some of these for 'page0' variables in your source files.


LINK/LOCATE RUN COMPLETE,  NO ERROR FOUND.