RCSTM8 COMPILER V2.28.10.092,  ECMA0896           05/14/19  16:28:52

QCW(0x009638A0)

RCSTM8 COMPILER V2.28.10.092, COMPILATION OF MODULE ECMA0896  
OBJECT MODULE PLACED IN Debug\ecma0896.o
COMPILER INVOKED BY: OBJECT(Debug\ecma0896.o) PIN(C:\Program Files (x86)\Raisonance\Ride\inc\STM8) PIN(C:\Program Files (x86)\Raisonance\Ride\inc\ST7) PIN(C:\Program Files (x86)\Raisonance\Ride\inc) DGC(page0) AUTO WRV(0) PR(Debug\ecma0896.lst) CD CO SB OT(0) DEBUG STM8(SMALL) 

stmt level    source
   1          #include "ecma0896.h"
   2          #include "gpio.h"
   3          #include "itoa.h"
   4          
   5          void updateLCD(void);
   6          void initLCD(void);
   7          void cls (void);
   8          void commandLCD (char comLCD);
   9          void lcdprint(char symbol);
  10          void lcdprintstr (char  LCDSTRING[], BYTE row);
  11          void writebyte (char  ch);
  12          
  13          void updTime (WORD t);
  14          void updVolt (WORD t);
  15          void updCnt (DWORD t);
  16          void updCurr (WORD t);
  17          
  18          hbit A0 = PA_ODR^6;
  19          hbit CS = PA_ODR^5;
  20          hbit SDATA = PA_ODR^4;
  21          hbit SCLK = PD_ODR^4;
  22          hbit RESETLCD = PD_ODR^5;
  23          
  24          char strbuff[16];
  25          
  26          void updateLCD(void)
  27          {
  28   1      //first line - 1st ES4 data
  29   1      //second line - 2nd ES4 data
  30   1      //3rd line - summary data (in liters)
  31   1      //if ES not found, write "Not present"
  32   1      }
  33          
  34          void initLCD(void)
  35          {
  36   1      	RESETLCD = 0;
  37   1      	delay(200);//reset LCD
  38   1      	RESETLCD = 1;
  39   1      	commandLCD(0x68); //(0b01101000);//system setup
  40   1      	commandLCD(0x20); //(0b00100000);//static control
  41   1      	commandLCD(0x31); //(0b00110001);//cursor off, display on
  42   1      	commandLCD(0x70); //(0b01110000);//volume register=0
  43   1      	commandLCD(0x42); //(0b01000010);//power save register
  44   1      	lcdprint(0x20);//dummy space print for init
  45   1      	delay(20);
  46   1      	commandLCD(0x57); //(0b01010111);//power control register
  47   1      	commandLCD(0x72+CONTRAST); //(0b01110010+Contrast);//set contrast
  48   1      	delay(50);
  49   1      }
  50          
  51          void cls (void)
  52          {
  53   1      	lcdprintstr ("            ", 1);
  54   1      	lcdprintstr ("            ", 2);
  55   1      	lcdprintstr ("            ", 3);
  56   1      	lcdprintstr ("            ", 4);
  57   1      }//cls
  58          
  59          void commandLCD (char comLCD)
  60          {	
  61   1      	A0 = 0;
  62   1      	writebyte(comLCD);
  63   1      }
  64          void lcdprint(char symbol)
  65          {
  66   1      	A0 = 1;
  67   1      	writebyte(symbol);
  68   1      }
  69          void lcdprintstr (char  LCDSTRING[], BYTE row)
  70          {	BYTE cursor;
  71   1      	BYTE c;
  72   1      	switch (row)
  73   1      	{
  74   2      	case 1:
  75   2      		commandLCD(0xB0);
  76   2      		break;
  77   2      	case 2:
  78   2      		commandLCD(0xC0);
  79   2      		break;
  80   2      	case 3:
  81   2      		commandLCD(0xD0);
  82   2      		break;
  83   2      	case 4:
  84   2      		commandLCD(0xE0);
  85   2      		break;
  86   2      	default:
  87   2      		commandLCD(0xB0);
  88   2      		break;
  89   2      	}//switch
  90   1      		
  91   1      	
  92   1      	for (cursor=0; cursor<12; cursor++)
  93   1      		{
  94   2      		c=LCDSTRING[cursor];
  95   2      		if (c==0) return;
  96   2      		else
  97   2      		lcdprint (c);
  98   2      		}
  99   1      }//lcdprintstr
 100          
 101          void writebyte (char  ch)
 102          {
 103   1      	BYTE mask;
 104   1      	CS = 0;
 105   1      	SCLK = 0;
 106   1      	
 107   1      	for (mask=0x80; mask>0; mask>>=1)
 108   1      		{
 109   2      		if (ch & mask) SDATA=1;
 110   2      		else SDATA = 0;
 111   2      			SCLK = 1;
 112   2      			_nop_();
 113   2      			_nop_();
 114   2      			SCLK = 0;
 115   2      			_nop_();
 116   2      			_nop_();
 117   2      		}
 118   1      	CS = 1;
 119   1      }//writebyte
 120          
 121          void updTime (WORD t)
 122          {
 123   1      		char sb[16];
 124   1      		lcdprintstr ("            ",2);
 125   1      		itoa(t, sb);
 126   1      		strcpy (strbuff, "MT: ");
 127   1      		strcat (strbuff,sb);
 128   1      		strcat (strbuff," s");
 129   1      		lcdprintstr (strbuff, 2);
 130   1      		
 131   1      }
 132          		
 133          		
 134          void updVolt (WORD t)
 135          {
 136   1      		char sb[16];
 137   1      		lcdprintstr ("            ",1);
 138   1      		itoa(t, sb);
 139   1      		strcpy (strbuff, "Uset: ");
 140   1      		strcat (strbuff,sb);
 141   1      		strcat (strbuff,"mV");
 142   1      		lcdprintstr (strbuff, 1);
 143   1      }
 144          void updCnt (DWORD t)
 145          {
 146   1      		char sb[16];
 147   1      		lcdprintstr ("            ",3);
 148   1      		dwtoa(t, sb);
 149   1      		strcpy (strbuff, "Cnt: ");
 150   1      		strcat (strbuff,sb);
 151   1      		lcdprintstr (strbuff, 3);
 152   1      }
 153          void updCurr (WORD t)
 154          {
 155   1      		char sb[16];
 156   1      		lcdprintstr ("            ",4);
 157   1      		itoa(t, sb);
 158   1      		strcpy (strbuff, "Im: ");
 159   1      		strcat (strbuff,sb);
 160   1      		strcat (strbuff,"uA");
 161   1      		lcdprintstr (strbuff, 4);
 162   1      }
 163          
RCSTM8 COMPILER V2.28.10.092
ASSEMBLY LISTING OF GENERATED OBJECT CODE

              ; FUNCTION ?updateLCD (BEGIN)
0000         ?EPILOG_0000:
              ; SOURCE LINE # 26 
0000 81                                RET    

              ; FUNCTION ?updateLCD (END)

              ; FUNCTION ?initLCD (BEGIN)
              ; SOURCE LINE # 36 
0000 721B500F                          BRES   RESETLCD
              ; SOURCE LINE # 37 
0004 AE00C8                            LDW    X,#000C8H
0007 CD0000     F                      CALL   ?delay
              ; SOURCE LINE # 38 
000A 721A500F                          BSET   RESETLCD
              ; SOURCE LINE # 39 
000E A668                              LD     A,#068H
0010 CD0000     F                      CALL   ?commandLCD
              ; SOURCE LINE # 40 
0013 A620                              LD     A,#020H
0015 CD0000     F                      CALL   ?commandLCD
              ; SOURCE LINE # 41 
0018 A631                              LD     A,#031H
001A CD0000     F                      CALL   ?commandLCD
              ; SOURCE LINE # 42 
001D A670                              LD     A,#070H
001F CD0000     F                      CALL   ?commandLCD
              ; SOURCE LINE # 43 
0022 A642                              LD     A,#042H
0024 CD0000     F                      CALL   ?commandLCD
              ; SOURCE LINE # 44 
0027 A620                              LD     A,#020H
0029 CD0000     F                      CALL   ?lcdprint
              ; SOURCE LINE # 45 
002C AE0014                            LDW    X,#00014H
002F CD0000     F                      CALL   ?delay
              ; SOURCE LINE # 46 
0032 A657                              LD     A,#057H
0034 CD0000     F                      CALL   ?commandLCD
              ; SOURCE LINE # 47 
0037 A678                              LD     A,#078H
0039 CD0000     F                      CALL   ?commandLCD
              ; SOURCE LINE # 48 
003C AE0032                            LDW    X,#00032H
003F CD0000     F                      CALL   ?delay
0042         ?EPILOG_0001:
0042 81                                RET    

              ; FUNCTION ?initLCD (END)

              ; FUNCTION ?cls (BEGIN)
              ; SOURCE LINE # 53 
0000 AE0000     F                      LDW    X,#HIGH(?STR?ECMA0896?BASE)
0003 A601                              LD     A,#001H
0005 CD0000     F                      CALL   ?lcdprintstr
              ; SOURCE LINE # 54 
0008 AE0000     F                      LDW    X,#HIGH(?STR?ECMA0896?BASE)
000B A602                              LD     A,#002H
000D CD0000     F                      CALL   ?lcdprintstr
              ; SOURCE LINE # 55 
0010 AE0000     F                      LDW    X,#HIGH(?STR?ECMA0896?BASE)
0013 A603                              LD     A,#003H
0015 CD0000     F                      CALL   ?lcdprintstr
              ; SOURCE LINE # 56 
0018 AE0000     F                      LDW    X,#HIGH(?STR?ECMA0896?BASE)
001B A604                              LD     A,#004H
001D CD0000     F                      CALL   ?lcdprintstr
0020         ?EPILOG_0002:
0020 81                                RET    

              ; FUNCTION ?cls (END)

              ; FUNCTION ?commandLCD (BEGIN)
              ; Register-parameter comLCD (A) is relocated (auto)
              ; SOURCE LINE # 59 
0000 88                                PUSH   A
              ; SOURCE LINE # 61 
0001 721D5000                          BRES   A0
              ; SOURCE LINE # 62 
0005 7B01       F                      LD     A,(001H,SP)   ; [ comLCD ]
0007 CD0000     F                      CALL   ?writebyte
000A         ?EPILOG_0003:
000A 84                                POP    A
000B 81                                RET    
              ; comLCD       unsigned char  (size=1).  parameter in AUTO

              ; FUNCTION ?commandLCD (END)

              ; FUNCTION ?lcdprint (BEGIN)
              ; Register-parameter symbol (A) is relocated (auto)
              ; SOURCE LINE # 64 
0000 88                                PUSH   A
              ; SOURCE LINE # 66 
0001 721C5000                          BSET   A0
              ; SOURCE LINE # 67 
0005 7B01       F                      LD     A,(001H,SP)   ; [ symbol ]
0007 CD0000     F                      CALL   ?writebyte
000A         ?EPILOG_0004:
000A 84                                POP    A
000B 81                                RET    
              ; symbol       unsigned char  (size=1).  parameter in AUTO

              ; FUNCTION ?lcdprint (END)

              ; FUNCTION ?lcdprintstr (BEGIN)
              ; Register-parameter LCDSTRING (XW) is relocated (auto)
              ; Register-parameter row (A) is relocated (auto)
              ; SOURCE LINE # 69 
0000 89                                PUSHW  X
0001 88                                PUSH   A
0002 89                                PUSHW  X
              ; SOURCE LINE # 72 
0003 7B03       F                      LD     A,(003H,SP)   ; [ row ]
0005 B703       F                      LD     ?BH,A
0007 B603       F                      LD     A,?BH
0009 A001                              SUB    A,#001H
000B 270B                              JREQ   ?CASE_0004
000D 4A                                DEC    A
000E 270F                              JREQ   ?CASE_0005
0010 4A                                DEC    A
0011 2713                              JREQ   ?CASE_0006
0013 4A                                DEC    A
0014 2717                              JREQ   ?CASE_0007
0016         ?LAB_0001:
0016 201C                              JRA    ?DEFAULT_0001
0018         ?CASE_0004:
              ; SOURCE LINE # 75 
0018 A6B0                              LD     A,#0B0H
001A CD0000     F                      CALL   ?commandLCD
              ; SOURCE LINE # 76 
001D 201C                              JRA    ?NXT_0004
001F         ?CASE_0005:
              ; SOURCE LINE # 78 
001F A6C0                              LD     A,#0C0H
0021 CD0000     F                      CALL   ?commandLCD
              ; SOURCE LINE # 79 
0024 2015                              JRA    ?NXT_0004
0026         ?CASE_0006:
              ; SOURCE LINE # 81 
0026 A6D0                              LD     A,#0D0H
0028 CD0000     F                      CALL   ?commandLCD
              ; SOURCE LINE # 82 
002B 200E                              JRA    ?NXT_0004
002D         ?CASE_0007:
              ; SOURCE LINE # 84 
002D A6E0                              LD     A,#0E0H
002F CD0000     F                      CALL   ?commandLCD
              ; SOURCE LINE # 85 
0032 2007                              JRA    ?NXT_0004
0034         ?DEFAULT_0001:
              ; SOURCE LINE # 87 
0034 A6B0                              LD     A,#0B0H
0036 CD0000     F                      CALL   ?commandLCD
              ; SOURCE LINE # 88 
0039 2000                              JRA    ?NXT_0004
003B         ?NXT_0004:
              ; SOURCE LINE # 92 
003B A600                              LD     A,#000H
003D 6B01       F                      LD     (001H,SP),A   ; [ cursor ]
003F         ?FOR_0001:
              ; SOURCE LINE # 94 
003F 1E04       F                      LDW    X,(004H,SP)   ; [ LCDSTRING ]
0041 BF02       F                      LDW    ?BH.w,X
0043 5F                                CLRW   X
0044 7B01       F                      LD     A,(001H,SP)   ; [ cursor ]
0046 97                                LD     XL,A
0047 92D600     F                      LD     A,([?BH.w],X)
004A 6B02       F                      LD     (002H,SP),A   ; [ c ]
              ; SOURCE LINE # 95 
004C 0D02       F                      TNZ    (002H,SP)   ; [ c ]
004E 2602                              JRNE   ?ELSE_0001
0050 200F                              JRA    ?EPILOG_0005
0052         ?ELSE_0001:
              ; SOURCE LINE # 97 
0052 7B02       F                      LD     A,(002H,SP)   ; [ c ]
0054 CD0000     F                      CALL   ?lcdprint
0057         ?NXT_0006:
              ; SOURCE LINE # 92 
0057 7B01       F                      LD     A,(001H,SP)   ; [ cursor ]
0059 0C01       F                      INC    (001H,SP)   ; [ cursor ]
005B A60C                              LD     A,#00CH
005D 1101       F                      CP     A,(001H,SP)   ; [ cursor ]
005F 22DE                              JRUGT  ?FOR_0001
0061         ?NXT_0005:

0061         ?EPILOG_0005:
0061 5B05                              ADD    SP,#005H
0063 81                                RET    
              ; LCDSTRING    pointer to (unsigned char   in )(size=2).  parameter in AUTO
              ; row          unsigned char  (size=1).  parameter in AUTO
              ; cursor       unsigned char  (size=1). Automatic variable  in AUTO
              ; c            unsigned char  (size=1). Automatic variable  in AUTO

              ; FUNCTION ?lcdprintstr (END)

              ; FUNCTION ?writebyte (BEGIN)
              ; Register-parameter ch (A) is relocated (auto)
              ; SOURCE LINE # 101 
0000 88                                PUSH   A
0001 88                                PUSH   A
              ; SOURCE LINE # 104 
0002 721B5000                          BRES   CS
              ; SOURCE LINE # 105 
0006 7219500F                          BRES   SCLK
              ; SOURCE LINE # 107 
000A A680                              LD     A,#080H
000C 6B01       F                      LD     (001H,SP),A   ; [ mask ]
000E         ?FOR_0003:
000E A600                              LD     A,#000H
0010 1101       F                      CP     A,(001H,SP)   ; [ mask ]
0012 2441                              JRUGE  ?NXT_0012
              ; SOURCE LINE # 109 
0014 5F                                CLRW   X
0015 7B01       F                      LD     A,(001H,SP)   ; [ mask ]
0017 97                                LD     XL,A
0018 89                                PUSHW  X
0019 5F                                CLRW   X
001A 7B04       F                      LD     A,(004H,SP)   ; [ ch ]
001C 97                                LD     XL,A
001D BF02       F                      LDW    ?BH.w,X
001F 85                                POPW   X
0020 BF03       F                      LDW    ?CH.w,X
0022 B606       F                      LD     A,?CL
0024 B404       F                      AND    A,?BL
0026 88                                PUSH   A
0027 B605       F                      LD     A,?CH
0029 B403       F                      AND    A,?BH
002B B703       F                      LD     ?BH,A
002D 84                                POP    A
002E B704       F                      LD     ?BL,A
0030 BE02       F                      LDW    X,?BH.w
0032 2706                              JREQ   ?ELSE_0003
0034         ?NXT_0015:
0034 72185000                          BSET   SDATA
0038 2004                              JRA    ?NXT_0014
003A         ?ELSE_0003:
              ; SOURCE LINE # 110 
003A 72195000                          BRES   SDATA
003E         ?NXT_0014:
              ; SOURCE LINE # 111 
003E 7218500F                          BSET   SCLK
              ; SOURCE LINE # 112 
0042 9D                                NOP    
              ; SOURCE LINE # 113 
0043 9D                                NOP    
              ; SOURCE LINE # 114 
0044 7219500F                          BRES   SCLK
              ; SOURCE LINE # 115 
0048 9D                                NOP    
              ; SOURCE LINE # 116 
0049 9D                                NOP    
004A         ?NXT_0013:
              ; SOURCE LINE # 107 
004A 7B01       F                      LD     A,(001H,SP)   ; [ mask ]
004C 44                                SRL    A
004D B703       F                      LD     ?BH,A
004F B603       F                      LD     A,?BH
0051 6B01       F                      LD     (001H,SP),A   ; [ mask ]
0053 20B9                              JRA    ?FOR_0003
0055         ?NXT_0012:
              ; SOURCE LINE # 118 
0055 721A5000                          BSET   CS
0059         ?EPILOG_0006:
0059 85                                POPW   X
005A 81                                RET    
              ; ch           unsigned char  (size=1).  parameter in AUTO
              ; mask         unsigned char  (size=1). Automatic variable  in AUTO

              ; FUNCTION ?writebyte (END)

              ; FUNCTION ?updTime (BEGIN)
              ; Register-parameter t (XW) is relocated (auto)
              ; SOURCE LINE # 121 
0000 89                                PUSHW  X
0001 5210                              SUB    SP,#010H
              ; SOURCE LINE # 124 
0003 AE0000     F                      LDW    X,#HIGH(?STR?ECMA0896?BASE)
0006 A602                              LD     A,#002H
0008 CD0000     F                      CALL   ?lcdprintstr
              ; SOURCE LINE # 125 
000B 96           DNF                  LDW    X,SP
000C 1C0001     F DNF                  ADDW   X,#00001H
000F 89                                PUSHW  X
0010 1E13       F                      LDW    X,(013H,SP)   ; [ t ]
0012 CD0000     F                      CALL   ?itoa
0015 85                                POPW   X
              ; SOURCE LINE # 126 
0016 AE0000     F                      LDW    X,#HIGH(?STR?ECMA0896?BASE + 00DH)
0019 89                                PUSHW  X
001A AE0000     F                      LDW    X,#strbuff
001D CD0000     F                      CALL   ?strcpy
0020 5B02                              ADD    SP,#002H
              ; SOURCE LINE # 127 
0022 96           DNF                  LDW    X,SP
0023 1C0001     F DNF                  ADDW   X,#00001H
0026 89                                PUSHW  X
0027 AE0000     F                      LDW    X,#strbuff
002A CD0000     F                      CALL   ?strcat
002D 5B02                              ADD    SP,#002H
              ; SOURCE LINE # 128 
002F AE0000     F                      LDW    X,#HIGH(?STR?ECMA0896?BASE + 012H)
0032 89                                PUSHW  X
0033 AE0000     F                      LDW    X,#strbuff
0036 CD0000     F                      CALL   ?strcat
0039 5B02                              ADD    SP,#002H
              ; SOURCE LINE # 129 
003B AE0000     F                      LDW    X,#strbuff
003E A602                              LD     A,#002H
0040 CD0000     F                      CALL   ?lcdprintstr
0043         ?EPILOG_0007:
0043 5B12                              ADD    SP,#012H
0045 81                                RET    
              ; t            unsigned short  (size=2-Alg).  parameter in AUTO
              ; sb           array of unsigned char  (size=16). Automatic variable  in AUTO

              ; FUNCTION ?updTime (END)

              ; FUNCTION ?updVolt (BEGIN)
              ; Register-parameter t (XW) is relocated (auto)
              ; SOURCE LINE # 134 
0000 89                                PUSHW  X
0001 5210                              SUB    SP,#010H
              ; SOURCE LINE # 137 
0003 AE0000     F                      LDW    X,#HIGH(?STR?ECMA0896?BASE)
0006 A601                              LD     A,#001H
0008 CD0000     F                      CALL   ?lcdprintstr
              ; SOURCE LINE # 138 
000B 96           DNF                  LDW    X,SP
000C 1C0001     F DNF                  ADDW   X,#00001H
000F 89                                PUSHW  X
0010 1E13       F                      LDW    X,(013H,SP)   ; [ t ]
0012 CD0000     F                      CALL   ?itoa
0015 85                                POPW   X
              ; SOURCE LINE # 139 
0016 AE0000     F                      LDW    X,#HIGH(?STR?ECMA0896?BASE + 015H)
0019 89                                PUSHW  X
001A AE0000     F                      LDW    X,#strbuff
001D CD0000     F                      CALL   ?strcpy
0020 5B02                              ADD    SP,#002H
              ; SOURCE LINE # 140 
0022 96           DNF                  LDW    X,SP
0023 1C0001     F DNF                  ADDW   X,#00001H
0026 89                                PUSHW  X
0027 AE0000     F                      LDW    X,#strbuff
002A CD0000     F                      CALL   ?strcat
002D 5B02                              ADD    SP,#002H
              ; SOURCE LINE # 141 
002F AE0000     F                      LDW    X,#HIGH(?STR?ECMA0896?BASE + 01CH)
0032 89                                PUSHW  X
0033 AE0000     F                      LDW    X,#strbuff
0036 CD0000     F                      CALL   ?strcat
0039 5B02                              ADD    SP,#002H
              ; SOURCE LINE # 142 
003B AE0000     F                      LDW    X,#strbuff
003E A601                              LD     A,#001H
0040 CD0000     F                      CALL   ?lcdprintstr
0043         ?EPILOG_0008:
0043 5B12                              ADD    SP,#012H
0045 81                                RET    
              ; t            unsigned short  (size=2-Alg).  parameter in AUTO
              ; sb           array of unsigned char  (size=16). Automatic variable  in AUTO

              ; FUNCTION ?updVolt (END)

              ; FUNCTION ?updCnt (BEGIN)
              ; SOURCE LINE # 144 
0000 5210                              SUB    SP,#010H
              ; SOURCE LINE # 147 
0002 AE0000     F                      LDW    X,#HIGH(?STR?ECMA0896?BASE)
0005 A603                              LD     A,#003H
0007 CD0000     F                      CALL   ?lcdprintstr
              ; SOURCE LINE # 148 
000A 96           DNF                  LDW    X,SP
000B 1C0001     F DNF                  ADDW   X,#00001H
000E 89                                PUSHW  X
000F 1E17       F                      LDW    X,(017H,SP)   ; [ t + 02H ]
0011 89                                PUSHW  X
0012 1E17       F                      LDW    X,(017H,SP)   ; [ t ]
0014 89                                PUSHW  X
0015 CD0000     F                      CALL   ?dwtoa
0018 5B06                              ADD    SP,#006H
              ; SOURCE LINE # 149 
001A AE0000     F                      LDW    X,#HIGH(?STR?ECMA0896?BASE + 01FH)
001D 89                                PUSHW  X
001E AE0000     F                      LDW    X,#strbuff
0021 CD0000     F                      CALL   ?strcpy
0024 5B02                              ADD    SP,#002H
              ; SOURCE LINE # 150 
0026 96           DNF                  LDW    X,SP
0027 1C0001     F DNF                  ADDW   X,#00001H
002A 89                                PUSHW  X
002B AE0000     F                      LDW    X,#strbuff
002E CD0000     F                      CALL   ?strcat
0031 5B02                              ADD    SP,#002H
              ; SOURCE LINE # 151 
0033 AE0000     F                      LDW    X,#strbuff
0036 A603                              LD     A,#003H
0038 CD0000     F                      CALL   ?lcdprintstr
003B         ?EPILOG_0009:
003B 5B10                              ADD    SP,#010H
003D 81                                RET    
              ; t            unsigned long  (size=4-Alg).  parameter in AUTO
              ; sb           array of unsigned char  (size=16). Automatic variable  in AUTO

              ; FUNCTION ?updCnt (END)

              ; FUNCTION ?updCurr (BEGIN)
              ; Register-parameter t (XW) is relocated (auto)
              ; SOURCE LINE # 153 
0000 89                                PUSHW  X
0001 5210                              SUB    SP,#010H
              ; SOURCE LINE # 156 
0003 AE0000     F                      LDW    X,#HIGH(?STR?ECMA0896?BASE)
0006 A604                              LD     A,#004H
0008 CD0000     F                      CALL   ?lcdprintstr
              ; SOURCE LINE # 157 
000B 96           DNF                  LDW    X,SP
000C 1C0001     F DNF                  ADDW   X,#00001H
000F 89                                PUSHW  X
0010 1E13       F                      LDW    X,(013H,SP)   ; [ t ]
0012 CD0000     F                      CALL   ?itoa
0015 85                                POPW   X
              ; SOURCE LINE # 158 
0016 AE0000     F                      LDW    X,#HIGH(?STR?ECMA0896?BASE + 025H)
0019 89                                PUSHW  X
001A AE0000     F                      LDW    X,#strbuff
001D CD0000     F                      CALL   ?strcpy
0020 5B02                              ADD    SP,#002H
              ; SOURCE LINE # 159 
0022 96           DNF                  LDW    X,SP
0023 1C0001     F DNF                  ADDW   X,#00001H
0026 89                                PUSHW  X
0027 AE0000     F                      LDW    X,#strbuff
002A CD0000     F                      CALL   ?strcat
002D 5B02                              ADD    SP,#002H
              ; SOURCE LINE # 160 
002F AE0000     F                      LDW    X,#HIGH(?STR?ECMA0896?BASE + 02AH)
0032 89                                PUSHW  X
0033 AE0000     F                      LDW    X,#strbuff
0036 CD0000     F                      CALL   ?strcat
0039 5B02                              ADD    SP,#002H
              ; SOURCE LINE # 161 
003B AE0000     F                      LDW    X,#strbuff
003E A604                              LD     A,#004H
0040 CD0000     F                      CALL   ?lcdprintstr
0043         ?EPILOG_0010:
0043 5B12                              ADD    SP,#012H
0045 81                                RET    
              ; t            unsigned short  (size=2-Alg).  parameter in AUTO
              ; sb           array of unsigned char  (size=16). Automatic variable  in AUTO

              ; FUNCTION ?updCurr (END)

RCSTM8 COMPILER V2.28.10.092
NAME                                    CLASS   MSPACE  TYPE    OFFSET  SIZE
====                                    =====   ======  ====    ======  ====

PA_ODR . . . . . . . . . . . . . . . .  HREG     hreg    U_CHAR  005000H 1      
PA_IDR . . . . . . . . . . . . . . . .  HREG     hreg    U_CHAR  005001H 1      
PA_DDR . . . . . . . . . . . . . . . .  HREG     hreg    U_CHAR  005002H 1      
PA_CR1 . . . . . . . . . . . . . . . .  HREG     hreg    U_CHAR  005003H 1      
PA_CR2 . . . . . . . . . . . . . . . .  HREG     hreg    U_CHAR  005004H 1      
PB_ODR . . . . . . . . . . . . . . . .  HREG     hreg    U_CHAR  005005H 1      
PB_IDR . . . . . . . . . . . . . . . .  HREG     hreg    U_CHAR  005006H 1      
PB_DDR . . . . . . . . . . . . . . . .  HREG     hreg    U_CHAR  005007H 1      
PB_CR1 . . . . . . . . . . . . . . . .  HREG     hreg    U_CHAR  005008H 1      
PB_CR2 . . . . . . . . . . . . . . . .  HREG     hreg    U_CHAR  005009H 1      
PC_ODR . . . . . . . . . . . . . . . .  HREG     hreg    U_CHAR  00500AH 1      
PC_IDR . . . . . . . . . . . . . . . .  HREG     hreg    U_CHAR  00500BH 1      
PC_DDR . . . . . . . . . . . . . . . .  HREG     hreg    U_CHAR  00500CH 1      
PC_CR1 . . . . . . . . . . . . . . . .  HREG     hreg    U_CHAR  00500DH 1      
PC_CR2 . . . . . . . . . . . . . . . .  HREG     hreg    U_CHAR  00500EH 1      
PD_ODR . . . . . . . . . . . . . . . .  HREG     hreg    U_CHAR  00500FH 1      
PD_IDR . . . . . . . . . . . . . . . .  HREG     hreg    U_CHAR  005010H 1      
PD_DDR . . . . . . . . . . . . . . . .  HREG     hreg    U_CHAR  005011H 1      
PD_CR1 . . . . . . . . . . . . . . . .  HREG     hreg    U_CHAR  005012H 1      
PD_CR2 . . . . . . . . . . . . . . . .  HREG     hreg    U_CHAR  005013H 1      
PE_ODR . . . . . . . . . . . . . . . .  HREG     hreg    U_CHAR  005014H 1      
PE_IDR . . . . . . . . . . . . . . . .  HREG     hreg    U_CHAR  005015H 1      
PE_DDR . . . . . . . . . . . . . . . .  HREG     hreg    U_CHAR  005016H 1      
PE_CR1 . . . . . . . . . . . . . . . .  HREG     hreg    U_CHAR  005017H 1      
PE_CR2 . . . . . . . . . . . . . . . .  HREG     hreg    U_CHAR  005018H 1      
PF_ODR . . . . . . . . . . . . . . . .  HREG     hreg    U_CHAR  005019H 1      
PF_IDR . . . . . . . . . . . . . . . .  HREG     hreg    U_CHAR  00501AH 1      
PF_DDR . . . . . . . . . . . . . . . .  HREG     hreg    U_CHAR  00501BH 1      
PF_CR1 . . . . . . . . . . . . . . . .  HREG     hreg    U_CHAR  00501CH 1      
PF_CR2 . . . . . . . . . . . . . . . .  HREG     hreg    U_CHAR  00501DH 1      
FLASH_CR1. . . . . . . . . . . . . . .  HREG     hreg    U_CHAR  005050H 1      
FLASH_CR2. . . . . . . . . . . . . . .  HREG     hreg    U_CHAR  005051H 1      
FLASH_PUKR . . . . . . . . . . . . . .  HREG     hreg    U_CHAR  005052H 1      
FLASH_DUKR . . . . . . . . . . . . . .  HREG     hreg    U_CHAR  005053H 1      
FLASH_IAPSR. . . . . . . . . . . . . .  HREG     hreg    U_CHAR  005054H 1      
DMA1_GCSR. . . . . . . . . . . . . . .  HREG     hreg    U_CHAR  005070H 1      
DMA1_GIR1. . . . . . . . . . . . . . .  HREG     hreg    U_CHAR  005071H 1      
DMA1_C0CR. . . . . . . . . . . . . . .  HREG     hreg    U_CHAR  005075H 1      
DMA1_C0SPR . . . . . . . . . . . . . .  HREG     hreg    U_CHAR  005076H 1      
DMA1_C0NDTR. . . . . . . . . . . . . .  HREG     hreg    U_CHAR  005077H 1      
DMA1_C0PAR . . . . . . . . . . . . . .  HREG16   hreg16  U_INT   005078H 2      
DMA1_C0PARH. . . . . . . . . . . . . .  HREG     hreg    U_CHAR  005078H 1      
DMA1_C0PARL. . . . . . . . . . . . . .  HREG     hreg    U_CHAR  005079H 1      
DMA1_C0M0AR. . . . . . . . . . . . . .  HREG16   hreg16  U_INT   00507BH 2      
DMA1_C0M0ARH . . . . . . . . . . . . .  HREG     hreg    U_CHAR  00507BH 1      
DMA1_C0M0ARL . . . . . . . . . . . . .  HREG     hreg    U_CHAR  00507CH 1      
DMA1_C1CR. . . . . . . . . . . . . . .  HREG     hreg    U_CHAR  00507FH 1      
DMA1_C1SPR . . . . . . . . . . . . . .  HREG     hreg    U_CHAR  005080H 1      
DMA1_C1NDTR. . . . . . . . . . . . . .  HREG     hreg    U_CHAR  005081H 1      
DMA1_C1PAR . . . . . . . . . . . . . .  HREG16   hreg16  U_INT   005082H 2      
DMA1_C1PARH. . . . . . . . . . . . . .  HREG     hreg    U_CHAR  005082H 1      
DMA1_C1PARL. . . . . . . . . . . . . .  HREG     hreg    U_CHAR  005083H 1      
DMA1_C1M0AR. . . . . . . . . . . . . .  HREG16   hreg16  U_INT   005085H 2      
DMA1_C1M0ARH . . . . . . . . . . . . .  HREG     hreg    U_CHAR  005085H 1      
DMA1_C1M0ARL . . . . . . . . . . . . .  HREG     hreg    U_CHAR  005086H 1      
DMA1_C2CR. . . . . . . . . . . . . . .  HREG     hreg    U_CHAR  005089H 1      
DMA1_C2SPR . . . . . . . . . . . . . .  HREG     hreg    U_CHAR  00508AH 1      
DMA1_C2NDTR. . . . . . . . . . . . . .  HREG     hreg    U_CHAR  00508BH 1      
DMA1_C2PAR . . . . . . . . . . . . . .  HREG16   hreg16  U_INT   00508CH 2      
DMA1_C2PARH. . . . . . . . . . . . . .  HREG     hreg    U_CHAR  00508CH 1      
DMA1_C2PARL. . . . . . . . . . . . . .  HREG     hreg    U_CHAR  00508DH 1      
DMA1_C2M0AR. . . . . . . . . . . . . .  HREG16   hreg16  U_INT   00508FH 2      
DMA1_C2M0ARH . . . . . . . . . . . . .  HREG     hreg    U_CHAR  00508FH 1      
DMA1_C2M0ARL . . . . . . . . . . . . .  HREG     hreg    U_CHAR  005090H 1      
DMA1_C3CR. . . . . . . . . . . . . . .  HREG     hreg    U_CHAR  005093H 1      
DMA1_C3SPR . . . . . . . . . . . . . .  HREG     hreg    U_CHAR  005094H 1      
DMA1_C3NDTR. . . . . . . . . . . . . .  HREG     hreg    U_CHAR  005095H 1      
DMA1_C3PAR_C3M1AR. . . . . . . . . . .  HREG16   hreg16  U_INT   005096H 2      
DMA1_C3PARH_C3M1ARH. . . . . . . . . .  HREG     hreg    U_CHAR  005096H 1      
DMA1_C3PARL_C3M1ARL. . . . . . . . . .  HREG     hreg    U_CHAR  005097H 1      
DMA1_C3M0AR. . . . . . . . . . . . . .  HREG16   hreg16  U_INT   005099H 2      
DMA1_C3M0ARH . . . . . . . . . . . . .  HREG     hreg    U_CHAR  005099H 1      
DMA1_C3M0ARL . . . . . . . . . . . . .  HREG     hreg    U_CHAR  00509AH 1      
SYSCFG_RMPCR1. . . . . . . . . . . . .  HREG     hreg    U_CHAR  00509EH 1      
SYSCFG_RMPCR2. . . . . . . . . . . . .  HREG     hreg    U_CHAR  00509FH 1      
EXTI_CR1 . . . . . . . . . . . . . . .  HREG     hreg    U_CHAR  0050A0H 1      
EXTI_CR2 . . . . . . . . . . . . . . .  HREG     hreg    U_CHAR  0050A1H 1      
EXTI_CR3 . . . . . . . . . . . . . . .  HREG     hreg    U_CHAR  0050A2H 1      
EXTI_SR1 . . . . . . . . . . . . . . .  HREG     hreg    U_CHAR  0050A3H 1      
EXTI_SR2 . . . . . . . . . . . . . . .  HREG     hreg    U_CHAR  0050A4H 1      
EXTI_CONF. . . . . . . . . . . . . . .  HREG     hreg    U_CHAR  0050A5H 1      
WFE_CR1. . . . . . . . . . . . . . . .  HREG     hreg    U_CHAR  0050A6H 1      
WFE_CR2. . . . . . . . . . . . . . . .  HREG     hreg    U_CHAR  0050A7H 1      
WFE_CR3. . . . . . . . . . . . . . . .  HREG     hreg    U_CHAR  0050A8H 1      
RST_CR . . . . . . . . . . . . . . . .  HREG     hreg    U_CHAR  0050B0H 1      
RST_SR . . . . . . . . . . . . . . . .  HREG     hreg    U_CHAR  0050B1H 1      
PWR_CSR1 . . . . . . . . . . . . . . .  HREG     hreg    U_CHAR  0050B2H 1      
PWR_CSR2 . . . . . . . . . . . . . . .  HREG     hreg    U_CHAR  0050B3H 1      
CLK_CKDIVR . . . . . . . . . . . . . .  HREG     hreg    U_CHAR  0050C0H 1      
CLK_CRTCR. . . . . . . . . . . . . . .  HREG     hreg    U_CHAR  0050C1H 1      
CLK_ICKCR. . . . . . . . . . . . . . .  HREG     hreg    U_CHAR  0050C2H 1      
CLK_PCKENR1. . . . . . . . . . . . . .  HREG     hreg    U_CHAR  0050C3H 1      
CLK_PCKENR2. . . . . . . . . . . . . .  HREG     hreg    U_CHAR  0050C4H 1      
CLK_CCOR . . . . . . . . . . . . . . .  HREG     hreg    U_CHAR  0050C5H 1      
CLK_ECKCR. . . . . . . . . . . . . . .  HREG     hreg    U_CHAR  0050C6H 1      
CLK_SCSR . . . . . . . . . . . . . . .  HREG     hreg    U_CHAR  0050C7H 1      
CLK_SWR. . . . . . . . . . . . . . . .  HREG     hreg    U_CHAR  0050C8H 1      
CLK_SWCR . . . . . . . . . . . . . . .  HREG     hreg    U_CHAR  0050C9H 1      
CLK_CSSR . . . . . . . . . . . . . . .  HREG     hreg    U_CHAR  0050CAH 1      
CLK_CBEEPR . . . . . . . . . . . . . .  HREG     hreg    U_CHAR  0050CBH 1      
CLK_HSICALR. . . . . . . . . . . . . .  HREG     hreg    U_CHAR  0050CCH 1      
CLK_HSITRIMR . . . . . . . . . . . . .  HREG     hreg    U_CHAR  0050CDH 1      
CLK_HSIUNLCKR. . . . . . . . . . . . .  HREG     hreg    U_CHAR  0050CEH 1      
CLK_REGCSR . . . . . . . . . . . . . .  HREG     hreg    U_CHAR  0050CFH 1      
WWDG_CR. . . . . . . . . . . . . . . .  HREG     hreg    U_CHAR  0050D3H 1      
WWDG_WR. . . . . . . . . . . . . . . .  HREG     hreg    U_CHAR  0050D4H 1      
IWDG_KR. . . . . . . . . . . . . . . .  HREG     hreg    U_CHAR  0050E0H 1      
IWDG_PR. . . . . . . . . . . . . . . .  HREG     hreg    U_CHAR  0050E1H 1      
IWDG_RLR . . . . . . . . . . . . . . .  HREG     hreg    U_CHAR  0050E2H 1      
BEEP_CSR1. . . . . . . . . . . . . . .  HREG     hreg    U_CHAR  0050F0H 1      
BEEP_CSR2. . . . . . . . . . . . . . .  HREG     hreg    U_CHAR  0050F3H 1      
RTC_TR1. . . . . . . . . . . . . . . .  HREG     hreg    U_CHAR  005140H 1      
RTC_TR2. . . . . . . . . . . . . . . .  HREG     hreg    U_CHAR  005141H 1      
RTC_TR3. . . . . . . . . . . . . . . .  HREG     hreg    U_CHAR  005142H 1      
RTC_DR1. . . . . . . . . . . . . . . .  HREG     hreg    U_CHAR  005144H 1      
RTC_DR2. . . . . . . . . . . . . . . .  HREG     hreg    U_CHAR  005145H 1      
RTC_DR3. . . . . . . . . . . . . . . .  HREG     hreg    U_CHAR  005146H 1      
RTC_CR1. . . . . . . . . . . . . . . .  HREG     hreg    U_CHAR  005148H 1      
RTC_CR2. . . . . . . . . . . . . . . .  HREG     hreg    U_CHAR  005149H 1      
RTC_CR3. . . . . . . . . . . . . . . .  HREG     hreg    U_CHAR  00514AH 1      
RTC_ISR1 . . . . . . . . . . . . . . .  HREG     hreg    U_CHAR  00514CH 1      
RTC_ISR2 . . . . . . . . . . . . . . .  HREG     hreg    U_CHAR  00514DH 1      
RTC_SPRER. . . . . . . . . . . . . . .  HREG16   hreg16  U_INT   005150H 2      
RTC_SPRERH . . . . . . . . . . . . . .  HREG     hreg    U_CHAR  005150H 1      
RTC_SPRERL . . . . . . . . . . . . . .  HREG     hreg    U_CHAR  005151H 1      
RTC_APRER. . . . . . . . . . . . . . .  HREG     hreg    U_CHAR  005152H 1      
RTC_WUTR . . . . . . . . . . . . . . .  HREG16   hreg16  U_INT   005154H 2      
RTC_WUTRH. . . . . . . . . . . . . . .  HREG     hreg    U_CHAR  005154H 1      
RTC_WUTRL. . . . . . . . . . . . . . .  HREG     hreg    U_CHAR  005155H 1      
RTC_WPR. . . . . . . . . . . . . . . .  HREG     hreg    U_CHAR  005159H 1      
RTC_ALRMAR1. . . . . . . . . . . . . .  HREG     hreg    U_CHAR  00515CH 1      
RTC_ALRMAR2. . . . . . . . . . . . . .  HREG     hreg    U_CHAR  00515DH 1      
RTC_ALRMAR3. . . . . . . . . . . . . .  HREG     hreg    U_CHAR  00515EH 1      
RTC_ALRMAR4. . . . . . . . . . . . . .  HREG     hreg    U_CHAR  00515FH 1      
SPI1_CR1 . . . . . . . . . . . . . . .  HREG     hreg    U_CHAR  005200H 1      
SPI1_CR2 . . . . . . . . . . . . . . .  HREG     hreg    U_CHAR  005201H 1      
SPI1_ICR . . . . . . . . . . . . . . .  HREG     hreg    U_CHAR  005202H 1      
SPI1_SR. . . . . . . . . . . . . . . .  HREG     hreg    U_CHAR  005203H 1      
SPI1_DR. . . . . . . . . . . . . . . .  HREG     hreg    U_CHAR  005204H 1      
SPI1_CRCPR . . . . . . . . . . . . . .  HREG     hreg    U_CHAR  005205H 1      
SPI1_RXCRCR. . . . . . . . . . . . . .  HREG     hreg    U_CHAR  005206H 1      
SPI1_TXCRCR. . . . . . . . . . . . . .  HREG     hreg    U_CHAR  005207H 1      
I2C1_CR1 . . . . . . . . . . . . . . .  HREG     hreg    U_CHAR  005210H 1      
I2C1_CR2 . . . . . . . . . . . . . . .  HREG     hreg    U_CHAR  005211H 1      
I2C1_FREQR . . . . . . . . . . . . . .  HREG     hreg    U_CHAR  005212H 1      
I2C1_OARL. . . . . . . . . . . . . . .  HREG     hreg    U_CHAR  005213H 1      
I2C1_OARH. . . . . . . . . . . . . . .  HREG     hreg    U_CHAR  005214H 1      
I2C1_DR. . . . . . . . . . . . . . . .  HREG     hreg    U_CHAR  005216H 1      
I2C1_SR1 . . . . . . . . . . . . . . .  HREG     hreg    U_CHAR  005217H 1      
I2C1_SR2 . . . . . . . . . . . . . . .  HREG     hreg    U_CHAR  005218H 1      
I2C1_SR3 . . . . . . . . . . . . . . .  HREG     hreg    U_CHAR  005219H 1      
I2C1_ITR . . . . . . . . . . . . . . .  HREG     hreg    U_CHAR  00521AH 1      
I2C1_CCRL. . . . . . . . . . . . . . .  HREG     hreg    U_CHAR  00521BH 1      
I2C1_CCRH. . . . . . . . . . . . . . .  HREG     hreg    U_CHAR  00521CH 1      
I2C1_TRISER. . . . . . . . . . . . . .  HREG     hreg    U_CHAR  00521DH 1      
I2C1_PECR. . . . . . . . . . . . . . .  HREG     hreg    U_CHAR  00521EH 1      
USART1_SR. . . . . . . . . . . . . . .  HREG     hreg    U_CHAR  005230H 1      
USART1_DR. . . . . . . . . . . . . . .  HREG     hreg    U_CHAR  005231H 1      
USART1_BRR1. . . . . . . . . . . . . .  HREG     hreg    U_CHAR  005232H 1      
USART1_BRR2. . . . . . . . . . . . . .  HREG     hreg    U_CHAR  005233H 1      
USART1_CR1 . . . . . . . . . . . . . .  HREG     hreg    U_CHAR  005234H 1      
USART1_CR2 . . . . . . . . . . . . . .  HREG     hreg    U_CHAR  005235H 1      
USART1_CR3 . . . . . . . . . . . . . .  HREG     hreg    U_CHAR  005236H 1      
USART1_CR4 . . . . . . . . . . . . . .  HREG     hreg    U_CHAR  005237H 1      
USART1_CR5 . . . . . . . . . . . . . .  HREG     hreg    U_CHAR  005238H 1      
USART1_GTR . . . . . . . . . . . . . .  HREG     hreg    U_CHAR  005239H 1      
USART1_PSCR. . . . . . . . . . . . . .  HREG     hreg    U_CHAR  00523AH 1      
TIM2_CR1 . . . . . . . . . . . . . . .  HREG     hreg    U_CHAR  005250H 1      
TIM2_CR2 . . . . . . . . . . . . . . .  HREG     hreg    U_CHAR  005251H 1      
TIM2_SMCR. . . . . . . . . . . . . . .  HREG     hreg    U_CHAR  005252H 1      
TIM2_ETR . . . . . . . . . . . . . . .  HREG     hreg    U_CHAR  005253H 1      
TIM2_DER . . . . . . . . . . . . . . .  HREG     hreg    U_CHAR  005254H 1      
TIM2_IER . . . . . . . . . . . . . . .  HREG     hreg    U_CHAR  005255H 1      
TIM2_SR1 . . . . . . . . . . . . . . .  HREG     hreg    U_CHAR  005256H 1      
TIM2_SR2 . . . . . . . . . . . . . . .  HREG     hreg    U_CHAR  005257H 1      
TIM2_EGR . . . . . . . . . . . . . . .  HREG     hreg    U_CHAR  005258H 1      
TIM2_CCMR1 . . . . . . . . . . . . . .  HREG     hreg    U_CHAR  005259H 1      
TIM2_CCMR2 . . . . . . . . . . . . . .  HREG     hreg    U_CHAR  00525AH 1      
TIM2_CCER1 . . . . . . . . . . . . . .  HREG     hreg    U_CHAR  00525BH 1      
TIM2_CNTR. . . . . . . . . . . . . . .  HREG16   hreg16  U_INT   00525CH 2      
TIM2_CNTRH . . . . . . . . . . . . . .  HREG     hreg    U_CHAR  00525CH 1      
TIM2_CNTRL . . . . . . . . . . . . . .  HREG     hreg    U_CHAR  00525DH 1      
TIM2_PSCR. . . . . . . . . . . . . . .  HREG     hreg    U_CHAR  00525EH 1      
TIM2_ARR . . . . . . . . . . . . . . .  HREG16   hreg16  U_INT   00525FH 2      
TIM2_ARRH. . . . . . . . . . . . . . .  HREG     hreg    U_CHAR  00525FH 1      
TIM2_ARRL. . . . . . . . . . . . . . .  HREG     hreg    U_CHAR  005260H 1      
TIM2_CCR1. . . . . . . . . . . . . . .  HREG16   hreg16  U_INT   005261H 2      
TIM2_CCR1H . . . . . . . . . . . . . .  HREG     hreg    U_CHAR  005261H 1      
TIM2_CCR1L . . . . . . . . . . . . . .  HREG     hreg    U_CHAR  005262H 1      
TIM2_CCR2. . . . . . . . . . . . . . .  HREG16   hreg16  U_INT   005263H 2      
TIM2_CCR2H . . . . . . . . . . . . . .  HREG     hreg    U_CHAR  005263H 1      
TIM2_CCR2L . . . . . . . . . . . . . .  HREG     hreg    U_CHAR  005264H 1      
TIM2_BKR . . . . . . . . . . . . . . .  HREG     hreg    U_CHAR  005265H 1      
TIM2_OISR. . . . . . . . . . . . . . .  HREG     hreg    U_CHAR  005266H 1      
TIM3_CR1 . . . . . . . . . . . . . . .  HREG     hreg    U_CHAR  005280H 1      
TIM3_CR2 . . . . . . . . . . . . . . .  HREG     hreg    U_CHAR  005281H 1      
TIM3_SMCR. . . . . . . . . . . . . . .  HREG     hreg    U_CHAR  005282H 1      
TIM3_ETR . . . . . . . . . . . . . . .  HREG     hreg    U_CHAR  005283H 1      
TIM3_DER . . . . . . . . . . . . . . .  HREG     hreg    U_CHAR  005284H 1      
TIM3_IER . . . . . . . . . . . . . . .  HREG     hreg    U_CHAR  005285H 1      
TIM3_SR1 . . . . . . . . . . . . . . .  HREG     hreg    U_CHAR  005286H 1      
TIM3_SR2 . . . . . . . . . . . . . . .  HREG     hreg    U_CHAR  005287H 1      
TIM3_EGR . . . . . . . . . . . . . . .  HREG     hreg    U_CHAR  005288H 1      
TIM3_CCMR1 . . . . . . . . . . . . . .  HREG     hreg    U_CHAR  005289H 1      
TIM3_CCMR2 . . . . . . . . . . . . . .  HREG     hreg    U_CHAR  00528AH 1      
TIM3_CCER1 . . . . . . . . . . . . . .  HREG     hreg    U_CHAR  00528BH 1      
TIM3_CNTR. . . . . . . . . . . . . . .  HREG16   hreg16  U_INT   00528CH 2      
TIM3_CNTRH . . . . . . . . . . . . . .  HREG     hreg    U_CHAR  00528CH 1      
TIM3_CNTRL . . . . . . . . . . . . . .  HREG     hreg    U_CHAR  00528DH 1      
TIM3_PSCR. . . . . . . . . . . . . . .  HREG     hreg    U_CHAR  00528EH 1      
TIM3_ARR . . . . . . . . . . . . . . .  HREG16   hreg16  U_INT   00528FH 2      
TIM3_ARRH. . . . . . . . . . . . . . .  HREG     hreg    U_CHAR  00528FH 1      
TIM3_ARRL. . . . . . . . . . . . . . .  HREG     hreg    U_CHAR  005290H 1      
TIM3_CCR1. . . . . . . . . . . . . . .  HREG16   hreg16  U_INT   005291H 2      
TIM3_CCR1H . . . . . . . . . . . . . .  HREG     hreg    U_CHAR  005291H 1      
TIM3_CCR1L . . . . . . . . . . . . . .  HREG     hreg    U_CHAR  005292H 1      
TIM3_CCR2. . . . . . . . . . . . . . .  HREG16   hreg16  U_INT   005293H 2      
TIM3_CCR2H . . . . . . . . . . . . . .  HREG     hreg    U_CHAR  005293H 1      
TIM3_CCR2L . . . . . . . . . . . . . .  HREG     hreg    U_CHAR  005294H 1      
TIM3_BKR . . . . . . . . . . . . . . .  HREG     hreg    U_CHAR  005295H 1      
TIM3_OISR. . . . . . . . . . . . . . .  HREG     hreg    U_CHAR  005296H 1      
TIM1_CR1 . . . . . . . . . . . . . . .  HREG     hreg    U_CHAR  0052B0H 1      
TIM1_CR2 . . . . . . . . . . . . . . .  HREG     hreg    U_CHAR  0052B1H 1      
TIM1_SMCR. . . . . . . . . . . . . . .  HREG     hreg    U_CHAR  0052B2H 1      
TIM1_ETR . . . . . . . . . . . . . . .  HREG     hreg    U_CHAR  0052B3H 1      
TIM1_DER . . . . . . . . . . . . . . .  HREG     hreg    U_CHAR  0052B4H 1      
TIM1_IER . . . . . . . . . . . . . . .  HREG     hreg    U_CHAR  0052B5H 1      
TIM1_SR1 . . . . . . . . . . . . . . .  HREG     hreg    U_CHAR  0052B6H 1      
TIM1_SR2 . . . . . . . . . . . . . . .  HREG     hreg    U_CHAR  0052B7H 1      
TIM1_EGR . . . . . . . . . . . . . . .  HREG     hreg    U_CHAR  0052B8H 1      
TIM1_CCMR1 . . . . . . . . . . . . . .  HREG     hreg    U_CHAR  0052B9H 1      
TIM1_CCMR2 . . . . . . . . . . . . . .  HREG     hreg    U_CHAR  0052BAH 1      
TIM1_CCMR3 . . . . . . . . . . . . . .  HREG     hreg    U_CHAR  0052BBH 1      
TIM1_CCMR4 . . . . . . . . . . . . . .  HREG     hreg    U_CHAR  0052BCH 1      
TIM1_CCER1 . . . . . . . . . . . . . .  HREG     hreg    U_CHAR  0052BDH 1      
TIM1_CCER2 . . . . . . . . . . . . . .  HREG     hreg    U_CHAR  0052BEH 1      
TIM1_CNTR. . . . . . . . . . . . . . .  HREG16   hreg16  U_INT   0052BFH 2      
TIM1_CNTRH . . . . . . . . . . . . . .  HREG     hreg    U_CHAR  0052BFH 1      
TIM1_CNTRL . . . . . . . . . . . . . .  HREG     hreg    U_CHAR  0052C0H 1      
TIM1_PSCR. . . . . . . . . . . . . . .  HREG16   hreg16  U_INT   0052C1H 2      
TIM1_PSCRH . . . . . . . . . . . . . .  HREG     hreg    U_CHAR  0052C1H 1      
TIM1_PSCRL . . . . . . . . . . . . . .  HREG     hreg    U_CHAR  0052C2H 1      
TIM1_ARR . . . . . . . . . . . . . . .  HREG16   hreg16  U_INT   0052C3H 2      
TIM1_ARRH. . . . . . . . . . . . . . .  HREG     hreg    U_CHAR  0052C3H 1      
TIM1_ARRL. . . . . . . . . . . . . . .  HREG     hreg    U_CHAR  0052C4H 1      
TIM1_RCR . . . . . . . . . . . . . . .  HREG     hreg    U_CHAR  0052C5H 1      
TIM1_CCR1. . . . . . . . . . . . . . .  HREG16   hreg16  U_INT   0052C6H 2      
TIM1_CCR1H . . . . . . . . . . . . . .  HREG     hreg    U_CHAR  0052C6H 1      
TIM1_CCR1L . . . . . . . . . . . . . .  HREG     hreg    U_CHAR  0052C7H 1      
TIM1_CCR2. . . . . . . . . . . . . . .  HREG16   hreg16  U_INT   0052C8H 2      
TIM1_CCR2H . . . . . . . . . . . . . .  HREG     hreg    U_CHAR  0052C8H 1      
TIM1_CCR2L . . . . . . . . . . . . . .  HREG     hreg    U_CHAR  0052C9H 1      
TIM1_CCR3. . . . . . . . . . . . . . .  HREG16   hreg16  U_INT   0052CAH 2      
TIM1_CCR3H . . . . . . . . . . . . . .  HREG     hreg    U_CHAR  0052CAH 1      
TIM1_CCR3L . . . . . . . . . . . . . .  HREG     hreg    U_CHAR  0052CBH 1      
TIM1_CCR4. . . . . . . . . . . . . . .  HREG16   hreg16  U_INT   0052CCH 2      
TIM1_CCR4H . . . . . . . . . . . . . .  HREG     hreg    U_CHAR  0052CCH 1      
TIM1_CCR4L . . . . . . . . . . . . . .  HREG     hreg    U_CHAR  0052CDH 1      
TIM1_BKR . . . . . . . . . . . . . . .  HREG     hreg    U_CHAR  0052CEH 1      
TIM1_DTR . . . . . . . . . . . . . . .  HREG     hreg    U_CHAR  0052CFH 1      
TIM1_OISR. . . . . . . . . . . . . . .  HREG     hreg    U_CHAR  0052D0H 1      
TIM1_DCR1. . . . . . . . . . . . . . .  HREG     hreg    U_CHAR  0052D1H 1      
TIM1_DCR2. . . . . . . . . . . . . . .  HREG     hreg    U_CHAR  0052D2H 1      
TIM1_DMAR. . . . . . . . . . . . . . .  HREG     hreg    U_CHAR  0052D3H 1      
TIM4_CR1 . . . . . . . . . . . . . . .  HREG     hreg    U_CHAR  0052E0H 1      
TIM4_CR2 . . . . . . . . . . . . . . .  HREG     hreg    U_CHAR  0052E1H 1      
TIM4_SMCR. . . . . . . . . . . . . . .  HREG     hreg    U_CHAR  0052E2H 1      
TIM4_DER . . . . . . . . . . . . . . .  HREG     hreg    U_CHAR  0052E3H 1      
TIM4_IER . . . . . . . . . . . . . . .  HREG     hreg    U_CHAR  0052E4H 1      
TIM4_SR1 . . . . . . . . . . . . . . .  HREG     hreg    U_CHAR  0052E5H 1      
TIM4_EGR . . . . . . . . . . . . . . .  HREG     hreg    U_CHAR  0052E6H 1      
TIM4_CNTR. . . . . . . . . . . . . . .  HREG     hreg    U_CHAR  0052E7H 1      
TIM4_PSCR. . . . . . . . . . . . . . .  HREG     hreg    U_CHAR  0052E8H 1      
TIM4_ARR . . . . . . . . . . . . . . .  HREG     hreg    U_CHAR  0052E9H 1      
IR_CR. . . . . . . . . . . . . . . . .  HREG     hreg    U_CHAR  0052FFH 1      
ADC1_CR1 . . . . . . . . . . . . . . .  HREG     hreg    U_CHAR  005340H 1      
ADC1_CR2 . . . . . . . . . . . . . . .  HREG     hreg    U_CHAR  005341H 1      
ADC1_CR3 . . . . . . . . . . . . . . .  HREG     hreg    U_CHAR  005342H 1      
ADC1_SR. . . . . . . . . . . . . . . .  HREG     hreg    U_CHAR  005343H 1      
ADC1_DR. . . . . . . . . . . . . . . .  HREG16   hreg16  U_INT   005344H 2      
ADC1_DRH . . . . . . . . . . . . . . .  HREG     hreg    U_CHAR  005344H 1      
ADC1_DRL . . . . . . . . . . . . . . .  HREG     hreg    U_CHAR  005345H 1      
ADC1_HTR . . . . . . . . . . . . . . .  HREG16   hreg16  U_INT   005346H 2      
ADC1_HTRH. . . . . . . . . . . . . . .  HREG     hreg    U_CHAR  005346H 1      
ADC1_HTRL. . . . . . . . . . . . . . .  HREG     hreg    U_CHAR  005347H 1      
ADC1_LTR . . . . . . . . . . . . . . .  HREG16   hreg16  U_INT   005348H 2      
ADC1_LTRH. . . . . . . . . . . . . . .  HREG     hreg    U_CHAR  005348H 1      
ADC1_LTRL. . . . . . . . . . . . . . .  HREG     hreg    U_CHAR  005349H 1      
ADC1_SQR1. . . . . . . . . . . . . . .  HREG     hreg    U_CHAR  00534AH 1      
ADC1_SQR2. . . . . . . . . . . . . . .  HREG     hreg    U_CHAR  00534BH 1      
ADC1_SQR3. . . . . . . . . . . . . . .  HREG     hreg    U_CHAR  00534CH 1      
ADC1_SQR4. . . . . . . . . . . . . . .  HREG     hreg    U_CHAR  00534DH 1      
ADC1_TRIGR1. . . . . . . . . . . . . .  HREG     hreg    U_CHAR  00534EH 1      
ADC1_TRIGR2. . . . . . . . . . . . . .  HREG     hreg    U_CHAR  00534FH 1      
ADC1_TRIGR3. . . . . . . . . . . . . .  HREG     hreg    U_CHAR  005350H 1      
ADC1_TRIGR4. . . . . . . . . . . . . .  HREG     hreg    U_CHAR  005351H 1      
DAC_CR1. . . . . . . . . . . . . . . .  HREG     hreg    U_CHAR  005380H 1      
DAC_CR2. . . . . . . . . . . . . . . .  HREG     hreg    U_CHAR  005381H 1      
DAC_SWTRIGR. . . . . . . . . . . . . .  HREG     hreg    U_CHAR  005384H 1      
DAC_SR . . . . . . . . . . . . . . . .  HREG     hreg    U_CHAR  005385H 1      
DAC_RDHR . . . . . . . . . . . . . . .  HREG16   hreg16  U_INT   005388H 2      
DAC_RDHRH. . . . . . . . . . . . . . .  HREG     hreg    U_CHAR  005388H 1      
DAC_RDHRL. . . . . . . . . . . . . . .  HREG     hreg    U_CHAR  005389H 1      
DAC_LDHR . . . . . . . . . . . . . . .  HREG16   hreg16  U_INT   00538CH 2      
DAC_LDHRH. . . . . . . . . . . . . . .  HREG     hreg    U_CHAR  00538CH 1      
DAC_LDHRL. . . . . . . . . . . . . . .  HREG     hreg    U_CHAR  00538DH 1      
DAC_DHR8 . . . . . . . . . . . . . . .  HREG     hreg    U_CHAR  005390H 1      
DAC_DOR. . . . . . . . . . . . . . . .  HREG16   hreg16  U_INT   0053ACH 2      
DAC_DORH . . . . . . . . . . . . . . .  HREG     hreg    U_CHAR  0053ACH 1      
DAC_DORL . . . . . . . . . . . . . . .  HREG     hreg    U_CHAR  0053ADH 1      
RI_ICR1. . . . . . . . . . . . . . . .  HREG     hreg    U_CHAR  005431H 1      
RI_ICR2. . . . . . . . . . . . . . . .  HREG     hreg    U_CHAR  005432H 1      
RI_IOIR1 . . . . . . . . . . . . . . .  HREG     hreg    U_CHAR  005433H 1      
RI_IOIR2 . . . . . . . . . . . . . . .  HREG     hreg    U_CHAR  005434H 1      
RI_IOIR3 . . . . . . . . . . . . . . .  HREG     hreg    U_CHAR  005435H 1      
RI_IOCMR1. . . . . . . . . . . . . . .  HREG     hreg    U_CHAR  005436H 1      
RI_IOCMR2. . . . . . . . . . . . . . .  HREG     hreg    U_CHAR  005437H 1      
RI_IOCMR3. . . . . . . . . . . . . . .  HREG     hreg    U_CHAR  005438H 1      
RI_IOSR1 . . . . . . . . . . . . . . .  HREG     hreg    U_CHAR  005439H 1      
RI_IOSR2 . . . . . . . . . . . . . . .  HREG     hreg    U_CHAR  00543AH 1      
RI_IOSR3 . . . . . . . . . . . . . . .  HREG     hreg    U_CHAR  00543BH 1      
RI_IOGCR . . . . . . . . . . . . . . .  HREG     hreg    U_CHAR  00543CH 1      
RI_ASCR1 . . . . . . . . . . . . . . .  HREG     hreg    U_CHAR  00543DH 1      
RI_ASCR2 . . . . . . . . . . . . . . .  HREG     hreg    U_CHAR  00543EH 1      
RI_RCR . . . . . . . . . . . . . . . .  HREG     hreg    U_CHAR  00543FH 1      
COMP_CSR1. . . . . . . . . . . . . . .  HREG     hreg    U_CHAR  005440H 1      
COMP_CSR2. . . . . . . . . . . . . . .  HREG     hreg    U_CHAR  005441H 1      
COMP_CSR3. . . . . . . . . . . . . . .  HREG     hreg    U_CHAR  005442H 1      
COMP_CSR4. . . . . . . . . . . . . . .  HREG     hreg    U_CHAR  005443H 1      
COMP_CSR5. . . . . . . . . . . . . . .  HREG     hreg    U_CHAR  005444H 1      
CFG_GCR. . . . . . . . . . . . . . . .  HREG     hreg    U_CHAR  007F60H 1      
ITC_SPR1 . . . . . . . . . . . . . . .  HREG     hreg    U_CHAR  007F70H 1      
ITC_SPR2 . . . . . . . . . . . . . . .  HREG     hreg    U_CHAR  007F71H 1      
ITC_SPR3 . . . . . . . . . . . . . . .  HREG     hreg    U_CHAR  007F72H 1      
ITC_SPR4 . . . . . . . . . . . . . . .  HREG     hreg    U_CHAR  007F73H 1      
ITC_SPR5 . . . . . . . . . . . . . . .  HREG     hreg    U_CHAR  007F74H 1      
ITC_SPR6 . . . . . . . . . . . . . . .  HREG     hreg    U_CHAR  007F75H 1      
ITC_SPR7 . . . . . . . . . . . . . . .  HREG     hreg    U_CHAR  007F76H 1      
ITC_SPR8 . . . . . . . . . . . . . . .  HREG     hreg    U_CHAR  007F77H 1      
_fctptr_t. . . . . . . . . . . . . . .  TYPEDEF ------- PTR   -------      2
_halt_ . . . . . . . . . . . . . . . .  EXTERN  CODE    PROC    ------- -----
_jmp_. . . . . . . . . . . . . . . . .  EXTERN  CODE    PROC    ------- -----
_nop_. . . . . . . . . . . . . . . . .  EXTERN  CODE    PROC    ------- -----
_rim_. . . . . . . . . . . . . . . . .  EXTERN  CODE    PROC    ------- -----
_sim_. . . . . . . . . . . . . . . . .  EXTERN  CODE    PROC    ------- -----
_trap_ . . . . . . . . . . . . . . . .  EXTERN  CODE    PROC    ------- -----
_wfe_. . . . . . . . . . . . . . . . .  EXTERN  CODE    PROC    ------- -----
_wfi_. . . . . . . . . . . . . . . . .  EXTERN  CODE    PROC    ------- -----
_getCC_. . . . . . . . . . . . . . . .  EXTERN  CODE    PROC    ------- -----
_setCC_. . . . . . . . . . . . . . . .  EXTERN  CODE    PROC    ------- -----
_getSP_. . . . . . . . . . . . . . . .  EXTERN  CODE    PROC    ------- -----
_setSP_. . . . . . . . . . . . . . . .  EXTERN  CODE    PROC    ------- -----
_swapbyte_ . . . . . . . . . . . . . .  EXTERN  CODE    PROC    ------- -----
_swapnibble_ . . . . . . . . . . . . .  EXTERN  CODE    PROC    ------- -----
size_t . . . . . . . . . . . . . . . .  TYPEDEF ------- U_CHAR  -------     2
fmemcpy. . . . . . . . . . . . . . . .  EXTERN  CODE    PROC    ------- -----
lstrlen. . . . . . . . . . . . . . . .  EXTERN  CODE    PROC    ------- -----
lmemcpy. . . . . . . . . . . . . . . .  EXTERN  CODE    PROC    ------- -----
lmemset. . . . . . . . . . . . . . . .  EXTERN  CODE    PROC    ------- -----
memccpy. . . . . . . . . . . . . . . .  EXTERN  CODE    PROC    ------- -----
memchr . . . . . . . . . . . . . . . .  EXTERN  CODE    PROC    ------- -----
memcmp . . . . . . . . . . . . . . . .  EXTERN  CODE    PROC    ------- -----
memcpy . . . . . . . . . . . . . . . .  EXTERN  CODE    PROC    ------- -----
memmove. . . . . . . . . . . . . . . .  EXTERN  CODE    PROC    ------- -----
memset . . . . . . . . . . . . . . . .  EXTERN  CODE    PROC    ------- -----
strcat . . . . . . . . . . . . . . . .  EXTERN  CODE    PROC    ------- -----
strchr . . . . . . . . . . . . . . . .  EXTERN  CODE    PROC    ------- -----
strcmp . . . . . . . . . . . . . . . .  EXTERN  CODE    PROC    ------- -----
strcpy . . . . . . . . . . . . . . . .  EXTERN  CODE    PROC    ------- -----
strcspn. . . . . . . . . . . . . . . .  EXTERN  CODE    PROC    ------- -----
strlen . . . . . . . . . . . . . . . .  EXTERN  CODE    PROC    ------- -----
strncat. . . . . . . . . . . . . . . .  EXTERN  CODE    PROC    ------- -----
strncmp. . . . . . . . . . . . . . . .  EXTERN  CODE    PROC    ------- -----
strncpy. . . . . . . . . . . . . . . .  EXTERN  CODE    PROC    ------- -----
strpbrk. . . . . . . . . . . . . . . .  EXTERN  CODE    PROC    ------- -----
strpos . . . . . . . . . . . . . . . .  EXTERN  CODE    PROC    ------- -----
strrchr. . . . . . . . . . . . . . . .  EXTERN  CODE    PROC    ------- -----
strrpos. . . . . . . . . . . . . . . .  EXTERN  CODE    PROC    ------- -----
strspn . . . . . . . . . . . . . . . .  EXTERN  CODE    PROC    ------- -----
strstr . . . . . . . . . . . . . . . .  EXTERN  CODE    PROC    ------- -----
strtok . . . . . . . . . . . . . . . .  EXTERN  CODE    PROC    ------- -----
strxfrm. . . . . . . . . . . . . . . .  EXTERN  CODE    PROC    ------- -----
DWORD. . . . . . . . . . . . . . . . .  TYPEDEF ------- ????? -------      4
WORD . . . . . . . . . . . . . . . . .  TYPEDEF ------- U_CHAR  -------     2
BYTE . . . . . . . . . . . . . . . . .  TYPEDEF ------- U_CHAR  -------     1
delay. . . . . . . . . . . . . . . . .  EXTERN  CODE    PROC    ------- -----
setWKUP. . . . . . . . . . . . . . . .  EXTERN  CODE    PROC    ------- -----
Voltage. . . . . . . . . . . . . . . .  EXTERN  page0   U_INT   ------- -----
Mtime. . . . . . . . . . . . . . . . .  EXTERN  page0   U_INT   ------- -----
PulseNL. . . . . . . . . . . . . . . .  EXTERN  page0    BASE    ------- -----
PulseNH. . . . . . . . . . . . . . . .  EXTERN  page0    BASE    ------- -----
PulseCount . . . . . . . . . . . . . .  EXTERN  page0    BASE    ------- -----
Imeas. . . . . . . . . . . . . . . . .  EXTERN  page0    BASE    ------- -----
Pulse. . . . . . . . . . . . . . . . .  EXTERN  bit     BIT     ------- -----
itoa . . . . . . . . . . . . . . . . .  EXTERN  CODE    PROC    ------- -----
dwtoa. . . . . . . . . . . . . . . . .  EXTERN  CODE    PROC    ------- -----
reverse. . . . . . . . . . . . . . . .  EXTERN  CODE    PROC    ------- -----
initLCD. . . . . . . . . . . . . . . .  EXTERN  CODE    PROC    ------- -----
lcdprint . . . . . . . . . . . . . . .  EXTERN  CODE    PROC    ------- -----
lcdprintstr. . . . . . . . . . . . . .  EXTERN  CODE    PROC    ------- -----
cls. . . . . . . . . . . . . . . . . .  EXTERN  CODE    PROC    ------- -----
updateLCD. . . . . . . . . . . . . . .  EXTERN  CODE    PROC    ------- -----
updTime. . . . . . . . . . . . . . . .  EXTERN  CODE    PROC    ------- -----
updVolt. . . . . . . . . . . . . . . .  EXTERN  CODE    PROC    ------- -----
updCnt . . . . . . . . . . . . . . . .  EXTERN  CODE    PROC    ------- -----
updCurr. . . . . . . . . . . . . . . .  EXTERN  CODE    PROC    ------- -----
strbuff. . . . . . . . . . . . . . . .  EXTERN  page0   ARRAY   ------- -----
initIO . . . . . . . . . . . . . . . .  EXTERN  CODE    PROC    ------- -----
blink. . . . . . . . . . . . . . . . .  EXTERN  CODE    PROC    ------- -----
LED_set. . . . . . . . . . . . . . . .  EXTERN  CODE    PROC    ------- -----
DE_set . . . . . . . . . . . . . . . .  EXTERN  CODE    PROC    ------- -----
Pulse_Set. . . . . . . . . . . . . . .  EXTERN  CODE    PROC    ------- -----
CheckCmp . . . . . . . . . . . . . . .  EXTERN  CODE    PROC    ------- -----
updateLCD. . . . . . . . . . . . . . .  PUBLIC  CODE    PROC    ------- -----
initLCD. . . . . . . . . . . . . . . .  PUBLIC  CODE    PROC    ------- -----
cls. . . . . . . . . . . . . . . . . .  PUBLIC  CODE    PROC    ------- -----
commandLCD . . . . . . . . . . . . . .  EXTERN  CODE    PROC    ------- -----
lcdprint . . . . . . . . . . . . . . .  PUBLIC  CODE    PROC    ------- -----
lcdprintstr. . . . . . . . . . . . . .  PUBLIC  CODE    PROC    ------- -----
writebyte. . . . . . . . . . . . . . .  EXTERN  CODE    PROC    ------- -----
updTime. . . . . . . . . . . . . . . .  PUBLIC  CODE    PROC    ------- -----
updVolt. . . . . . . . . . . . . . . .  PUBLIC  CODE    PROC    ------- -----
updCnt . . . . . . . . . . . . . . . .  PUBLIC  CODE    PROC    ------- -----
updCurr. . . . . . . . . . . . . . . .  PUBLIC  CODE    PROC    ------- -----
A0 . . . . . . . . . . . . . . . . . .  HBIT     bit     HBIT    028006H 1      
CS . . . . . . . . . . . . . . . . . .  HBIT     bit     HBIT    028005H 1      
SDATA. . . . . . . . . . . . . . . . .  HBIT     bit     HBIT    028004H 1      
SCLK . . . . . . . . . . . . . . . . .  HBIT     bit     HBIT    02807CH 1      
RESETLCD . . . . . . . . . . . . . . .  HBIT     bit     HBIT    02807DH 1      
strbuff. . . . . . . . . . . . . . . .  PUBLIC  page0   ARRAY   000000H 16     
updateLCD. . . . . . . . . . . . . . .  PUBLIC  CODE    PROC    ------- -----
initLCD. . . . . . . . . . . . . . . .  PUBLIC  CODE    PROC    ------- -----
cls. . . . . . . . . . . . . . . . . .  PUBLIC  CODE    PROC    ------- -----
commandLCD . . . . . . . . . . . . . .  PUBLIC  CODE    PROC    ------- -----
 comLCD?181. . . . . . . . . . . . . .  PARAM    auto    U_CHAR  000000H 1      
lcdprint . . . . . . . . . . . . . . .  PUBLIC  CODE    PROC    ------- -----
 symbol?182. . . . . . . . . . . . . .  PARAM    auto    U_CHAR  000000H 1      
  cursor?185 . . . . . . . . . . . . .  PUBLIC  auto    U_CHAR  000000H 1      
  c?186. . . . . . . . . . . . . . . .  PUBLIC  auto    U_CHAR  000000H 1      
lcdprintstr. . . . . . . . . . . . . .  PUBLIC  CODE    PROC    ------- -----
 LCDSTRING?183 . . . . . . . . . . . .  PARAM    auto    PTR     000003H 2      
 row?184 . . . . . . . . . . . . . . .  PARAM    auto    U_CHAR  000002H 1      
  cursor?185 . . . . . . . . . . . . .  PUBLIC  auto    U_CHAR  000000H 1      
  c?186. . . . . . . . . . . . . . . .  PUBLIC  auto    U_CHAR  000001H 1      
  mask?188 . . . . . . . . . . . . . .  PUBLIC  auto    U_CHAR  000000H 1      
writebyte. . . . . . . . . . . . . . .  PUBLIC  CODE    PROC    ------- -----
 ch?187. . . . . . . . . . . . . . . .  PARAM    auto    U_CHAR  000001H 1      
  mask?188 . . . . . . . . . . . . . .  PUBLIC  auto    U_CHAR  000000H 1      
  sb?190 . . . . . . . . . . . . . . .  PUBLIC  auto    ARRAY   000000H 16     
updTime. . . . . . . . . . . . . . . .  PUBLIC  CODE    PROC    ------- -----
 t?189 . . . . . . . . . . . . . . . .  PARAM    auto    U_INT   000010H 2      
  sb?190 . . . . . . . . . . . . . . .  PUBLIC  auto    ARRAY   000000H 16     
  sb?192 . . . . . . . . . . . . . . .  PUBLIC  auto    ARRAY   000000H 16     
updVolt. . . . . . . . . . . . . . . .  PUBLIC  CODE    PROC    ------- -----
 t?191 . . . . . . . . . . . . . . . .  PARAM    auto    U_INT   000010H 2      
  sb?192 . . . . . . . . . . . . . . .  PUBLIC  auto    ARRAY   000000H 16     
  sb?194 . . . . . . . . . . . . . . .  PUBLIC  auto    ARRAY   000000H 16     
updCnt . . . . . . . . . . . . . . . .  PUBLIC  CODE    PROC    ------- -----
 t?193 . . . . . . . . . . . . . . . .  PARAM    auto     BASE    000012H 4      
  sb?194 . . . . . . . . . . . . . . .  PUBLIC  auto    ARRAY   000000H 16     
  sb?196 . . . . . . . . . . . . . . .  PUBLIC  auto    ARRAY   000000H 16     
updCurr. . . . . . . . . . . . . . . .  PUBLIC  CODE    PROC    ------- -----
 t?195 . . . . . . . . . . . . . . . .  PARAM    auto    U_INT   000010H 2      
  sb?196 . . . . . . . . . . . . . . .  PUBLIC  auto    ARRAY   000000H 16     
delay. . . . . . . . . . . . . . . . .  EXTERN  CODE    PROC    ------- -----
?BH. . . . . . . . . . . . . . . . . .  EXTERN  page0   U_CHAR  ------- -----
?CH. . . . . . . . . . . . . . . . . .  EXTERN  page0   U_CHAR  ------- -----
?CL. . . . . . . . . . . . . . . . . .  EXTERN  page0   U_CHAR  ------- -----
?BL. . . . . . . . . . . . . . . . . .  EXTERN  page0   U_CHAR  ------- -----
itoa . . . . . . . . . . . . . . . . .  EXTERN  CODE    PROC    ------- -----
strcpy . . . . . . . . . . . . . . . .  EXTERN  CODE    PROC    ------- -----
strcat . . . . . . . . . . . . . . . .  EXTERN  CODE    PROC    ------- -----
dwtoa. . . . . . . . . . . . . . . . .  EXTERN  CODE    PROC    ------- -----
RCSTM8 COMPILER V2.28.10.092


MODULE INFORMATION:   STATIC OVERLAYABLE
   CODE SIZE        =    588    ----
   CONSTANT SIZE    =     45    ----
   DATA SIZE        =   ----    ----
   PAGE0 SIZE       =     16    ----
   BIT SIZE         =   ----    ----
END OF MODULE INFORMATION.

RCSTM8 COMPILATION COMPLETE.  0 WARNING,  0 ERROR
